[2024-01-27T22:01:07.903+0000][64][info][gc,init] CardTable entry size: 512
[2024-01-27T22:01:07.903+0000][64][info][gc     ] Using G1
[2024-01-27T22:01:08.136+0000][64][info][gc,init] Version: 20.0.1+9-29 (release)
[2024-01-27T22:01:08.136+0000][64][info][gc,init] CPUs: 4 total, 4 available
[2024-01-27T22:01:08.136+0000][64][info][gc,init] Memory: 3932M
[2024-01-27T22:01:08.137+0000][64][info][gc,init] Large Page Support: Disabled
[2024-01-27T22:01:08.137+0000][64][info][gc,init] NUMA Support: Disabled
[2024-01-27T22:01:08.137+0000][64][info][gc,init] Compressed Oops: Enabled (32-bit)
[2024-01-27T22:01:08.137+0000][64][info][gc,init] Heap Region Size: 4M
[2024-01-27T22:01:08.137+0000][64][info][gc,init] Heap Min Capacity: 512M
[2024-01-27T22:01:08.137+0000][64][info][gc,init] Heap Initial Capacity: 512M
[2024-01-27T22:01:08.137+0000][64][info][gc,init] Heap Max Capacity: 512M
[2024-01-27T22:01:08.137+0000][64][info][gc,init] Pre-touch: Enabled
[2024-01-27T22:01:08.138+0000][64][info][gc,init] Parallel Workers: 4
[2024-01-27T22:01:08.138+0000][64][info][gc,init] Concurrent Workers: 1
[2024-01-27T22:01:08.138+0000][64][info][gc,init] Concurrent Refinement Workers: 4
[2024-01-27T22:01:08.138+0000][64][info][gc,init] Periodic GC: Disabled
[2024-01-27T22:01:08.138+0000][64][info][gc,metaspace] CDS archive(s) mapped at: [0x0000000800000000-0x0000000800c80000-0x0000000800c80000), size 13107200, SharedBaseAddress: 0x0000000800000000, ArchiveRelocationMode: 0.
[2024-01-27T22:01:08.138+0000][64][info][gc,metaspace] Compressed class space mapped at: 0x0000000801000000-0x0000000841000000, reserved size: 1073741824
[2024-01-27T22:01:08.139+0000][64][info][gc,metaspace] Narrow klass base: 0x0000000800000000, Narrow klass shift: 0, Narrow klass range: 0x100000000
[2024-01-27T22:01:08.256+0000][64][info][safepoint   ] Safepoint "ICBufferFull", Time since last: 112486667 ns, Reaching safepoint: 2125 ns, Cleanup: 132041 ns, At safepoint: 7959 ns, Total: 142125 ns
[2024-01-27T22:01:08.341+0000][64][info][safepoint   ] Safepoint "ICBufferFull", Time since last: 85193333 ns, Reaching safepoint: 2417 ns, Cleanup: 114250 ns, At safepoint: 3333 ns, Total: 120000 ns
[2024-01-27T22:01:08.344+0000][64][info][gc,start    ] GC(0) Pause Young (Normal) (G1 Evacuation Pause)
[2024-01-27T22:01:08.348+0000][64][info][gc,task     ] GC(0) Using 4 workers of 4 for evacuation
[2024-01-27T22:01:08.348+0000][64][debug][gc,age      ] GC(0) Desired survivor size 2097152 bytes, new threshold 15 (max threshold 15)
[2024-01-27T22:01:08.350+0000][64][info ][gc,phases   ] GC(0)   Pre Evacuate Collection Set: 0.1ms
[2024-01-27T22:01:08.350+0000][64][info ][gc,phases   ] GC(0)   Merge Heap Roots: 0.0ms
[2024-01-27T22:01:08.350+0000][64][info ][gc,phases   ] GC(0)   Evacuate Collection Set: 1.3ms
[2024-01-27T22:01:08.350+0000][64][info ][gc,phases   ] GC(0)   Post Evacuate Collection Set: 0.2ms
[2024-01-27T22:01:08.350+0000][64][info ][gc,phases   ] GC(0)   Other: 0.3ms
[2024-01-27T22:01:08.351+0000][64][trace][gc,age      ] GC(0) Age table with threshold 15 (max threshold 15)
[2024-01-27T22:01:08.351+0000][64][trace][gc,age      ] GC(0) - age   1:    3071136 bytes,    3071136 total
[2024-01-27T22:01:08.351+0000][64][info ][gc,heap     ] GC(0) Eden regions: 6->0(9)
[2024-01-27T22:01:08.351+0000][64][info ][gc,heap     ] GC(0) Survivor regions: 0->1(1)
[2024-01-27T22:01:08.351+0000][64][info ][gc,heap     ] GC(0) Old regions: 0->0
[2024-01-27T22:01:08.351+0000][64][info ][gc,heap     ] GC(0) Archive regions: 2->2
[2024-01-27T22:01:08.351+0000][64][info ][gc,heap     ] GC(0) Humongous regions: 0->0
[2024-01-27T22:01:08.351+0000][64][info ][gc,metaspace] GC(0) Metaspace: 1311K(1472K)->1311K(1472K) NonClass: 1210K(1280K)->1210K(1280K) Class: 101K(192K)->101K(192K)
[2024-01-27T22:01:08.351+0000][64][info ][gc          ] GC(0) Pause Young (Normal) (G1 Evacuation Pause) 28M->7M(512M) 7.515ms
[2024-01-27T22:01:08.351+0000][64][info ][gc,cpu      ] GC(0) User=0.01s Sys=0.00s Real=0.00s
[2024-01-27T22:01:08.351+0000][64][info ][safepoint   ] Safepoint "G1CollectForAllocation", Time since last: 2198333 ns, Reaching safepoint: 1167 ns, Cleanup: 33208 ns, At safepoint: 7711875 ns, Total: 7746250 ns
[2024-01-27T22:01:08.487+0000][64][info ][safepoint   ] Safepoint "ICBufferFull", Time since last: 135502084 ns, Reaching safepoint: 2417 ns, Cleanup: 108208 ns, At safepoint: 11250 ns, Total: 121875 ns
[2024-01-27T22:01:08.585+0000][64][info ][safepoint   ] Safepoint "ICBufferFull", Time since last: 97515417 ns, Reaching safepoint: 2375 ns, Cleanup: 133208 ns, At safepoint: 2875 ns, Total: 138458 ns
[2024-01-27T22:01:08.684+0000][64][info ][safepoint   ] Safepoint "ICBufferFull", Time since last: 98877708 ns, Reaching safepoint: 91667 ns, Cleanup: 115833 ns, At safepoint: 11334 ns, Total: 218834 ns
[2024-01-27T22:01:08.768+0000][64][info ][gc,start    ] GC(1) Pause Young (Normal) (G1 Evacuation Pause)
[2024-01-27T22:01:08.768+0000][64][info ][gc,task     ] GC(1) Using 4 workers of 4 for evacuation
[2024-01-27T22:01:08.768+0000][64][debug][gc,age      ] GC(1) Desired survivor size 4194304 bytes, new threshold 15 (max threshold 15)
[2024-01-27T22:01:08.772+0000][64][info ][gc,phases   ] GC(1)   Pre Evacuate Collection Set: 0.1ms
[2024-01-27T22:01:08.772+0000][64][info ][gc,phases   ] GC(1)   Merge Heap Roots: 0.1ms
[2024-01-27T22:01:08.772+0000][64][info ][gc,phases   ] GC(1)   Evacuate Collection Set: 3.2ms
[2024-01-27T22:01:08.772+0000][64][info ][gc,phases   ] GC(1)   Post Evacuate Collection Set: 0.3ms
[2024-01-27T22:01:08.773+0000][64][info ][gc,phases   ] GC(1)   Other: 0.3ms
[2024-01-27T22:01:08.773+0000][64][trace][gc,age      ] GC(1) Age table with threshold 15 (max threshold 15)
[2024-01-27T22:01:08.773+0000][64][trace][gc,age      ] GC(1) - age   1:    2936368 bytes,    2936368 total
[2024-01-27T22:01:08.773+0000][64][trace][gc,age      ] GC(1) - age   2:    3042336 bytes,    5978704 total
[2024-01-27T22:01:08.773+0000][64][info ][gc,heap     ] GC(1) Eden regions: 9->0(20)
[2024-01-27T22:01:08.773+0000][64][info ][gc,heap     ] GC(1) Survivor regions: 1->2(2)
[2024-01-27T22:01:08.773+0000][64][info ][gc,heap     ] GC(1) Old regions: 0->0
[2024-01-27T22:01:08.773+0000][64][info ][gc,heap     ] GC(1) Archive regions: 2->2
[2024-01-27T22:01:08.774+0000][64][info ][gc,heap     ] GC(1) Humongous regions: 0->0
[2024-01-27T22:01:08.774+0000][64][info ][gc,metaspace] GC(1) Metaspace: 10014K(10368K)->10014K(10368K) NonClass: 8818K(9024K)->8818K(9024K) Class: 1196K(1344K)->1196K(1344K)
[2024-01-27T22:01:08.774+0000][64][info ][gc          ] GC(1) Pause Young (Normal) (G1 Evacuation Pause) 43M->10M(512M) 5.953ms
[2024-01-27T22:01:08.774+0000][64][info ][gc,cpu      ] GC(1) User=0.02s Sys=0.00s Real=0.01s
[2024-01-27T22:01:08.774+0000][64][info ][safepoint   ] Safepoint "G1CollectForAllocation", Time since last: 83818541 ns, Reaching safepoint: 193584 ns, Cleanup: 88208 ns, At safepoint: 6210500 ns, Total: 6492292 ns
[2024-01-27T22:01:09.132+0000][64][info ][safepoint   ] Safepoint "ICBufferFull", Time since last: 357589375 ns, Reaching safepoint: 2333 ns, Cleanup: 119125 ns, At safepoint: 7792 ns, Total: 129250 ns
[2024-01-27T22:01:09.174+0000][64][info ][safepoint   ] Safepoint "ICBufferFull", Time since last: 41956667 ns, Reaching safepoint: 2333 ns, Cleanup: 86917 ns, At safepoint: 6708 ns, Total: 95958 ns
[2024-01-27T22:01:09.317+0000][64][info ][safepoint   ] Safepoint "ICBufferFull", Time since last: 142960792 ns, Reaching safepoint: 2917 ns, Cleanup: 125583 ns, At safepoint: 3333 ns, Total: 131833 ns
[2024-01-27T22:01:09.547+0000][64][info ][safepoint   ] Safepoint "ICBufferFull", Time since last: 229400750 ns, Reaching safepoint: 3042 ns, Cleanup: 200458 ns, At safepoint: 3792 ns, Total: 207292 ns
[2024-01-27T22:01:09.610+0000][64][info ][gc,start    ] GC(2) Pause Young (Normal) (G1 Evacuation Pause)
[2024-01-27T22:01:09.611+0000][64][info ][gc,task     ] GC(2) Using 4 workers of 4 for evacuation
[2024-01-27T22:01:09.611+0000][64][debug][gc,age      ] GC(2) Desired survivor size 6291456 bytes, new threshold 15 (max threshold 15)
[2024-01-27T22:01:09.619+0000][64][info ][gc,phases   ] GC(2)   Pre Evacuate Collection Set: 0.1ms
[2024-01-27T22:01:09.621+0000][64][info ][gc,phases   ] GC(2)   Merge Heap Roots: 0.0ms
[2024-01-27T22:01:09.621+0000][64][info ][gc,phases   ] GC(2)   Evacuate Collection Set: 6.0ms
[2024-01-27T22:01:09.621+0000][64][info ][gc,phases   ] GC(2)   Post Evacuate Collection Set: 2.3ms
[2024-01-27T22:01:09.621+0000][64][info ][gc,phases   ] GC(2)   Other: 0.3ms
[2024-01-27T22:01:09.621+0000][64][trace][gc,age      ] GC(2) Age table with threshold 15 (max threshold 15)
[2024-01-27T22:01:09.622+0000][64][trace][gc,age      ] GC(2) - age   1:    4706752 bytes,    4706752 total
[2024-01-27T22:01:09.622+0000][64][trace][gc,age      ] GC(2) - age   2:    2867192 bytes,    7573944 total
[2024-01-27T22:01:09.622+0000][64][trace][gc,age      ] GC(2) - age   3:    3040064 bytes,   10614008 total
[2024-01-27T22:01:09.622+0000][64][info ][gc,heap     ] GC(2) Eden regions: 20->0(26)
[2024-01-27T22:01:09.622+0000][64][info ][gc,heap     ] GC(2) Survivor regions: 2->3(3)
[2024-01-27T22:01:09.622+0000][64][info ][gc,heap     ] GC(2) Old regions: 0->0
[2024-01-27T22:01:09.622+0000][64][info ][gc,heap     ] GC(2) Archive regions: 2->2
[2024-01-27T22:01:09.622+0000][64][info ][gc,heap     ] GC(2) Humongous regions: 0->0
[2024-01-27T22:01:09.623+0000][64][info ][gc,metaspace] GC(2) Metaspace: 16003K(16512K)->16003K(16512K) NonClass: 14178K(14464K)->14178K(14464K) Class: 1824K(2048K)->1824K(2048K)
[2024-01-27T22:01:09.623+0000][64][info ][gc          ] GC(2) Pause Young (Normal) (G1 Evacuation Pause) 90M->14M(512M) 12.360ms
[2024-01-27T22:01:09.623+0000][64][info ][gc,cpu      ] GC(2) User=0.03s Sys=0.00s Real=0.02s
[2024-01-27T22:01:09.623+0000][64][info ][safepoint   ] Safepoint "G1CollectForAllocation", Time since last: 63755292 ns, Reaching safepoint: 2083 ns, Cleanup: 91083 ns, At safepoint: 12691875 ns, Total: 12785041 ns
[2024-01-27T22:01:09.787+0000][64][info ][safepoint   ] Safepoint "ICBufferFull", Time since last: 163986584 ns, Reaching safepoint: 3250 ns, Cleanup: 114666 ns, At safepoint: 2917 ns, Total: 120833 ns
[2024-01-27T22:01:09.926+0000][64][info ][safepoint   ] Safepoint "ICBufferFull", Time since last: 138897459 ns, Reaching safepoint: 2666 ns, Cleanup: 117667 ns, At safepoint: 2417 ns, Total: 122750 ns
[2024-01-27T22:01:10.006+0000][64][info ][gc,start    ] GC(3) Pause Young (Normal) (G1 Evacuation Pause)
[2024-01-27T22:01:10.007+0000][64][info ][gc,task     ] GC(3) Using 4 workers of 4 for evacuation
[2024-01-27T22:01:10.007+0000][64][debug][gc,age      ] GC(3) Desired survivor size 8388608 bytes, new threshold 3 (max threshold 15)
[2024-01-27T22:01:10.013+0000][64][info ][gc,phases   ] GC(3)   Pre Evacuate Collection Set: 0.1ms
[2024-01-27T22:01:10.013+0000][64][info ][gc,phases   ] GC(3)   Merge Heap Roots: 0.0ms
[2024-01-27T22:01:10.013+0000][64][info ][gc,phases   ] GC(3)   Evacuate Collection Set: 5.5ms
[2024-01-27T22:01:10.013+0000][64][info ][gc,phases   ] GC(3)   Post Evacuate Collection Set: 0.6ms
[2024-01-27T22:01:10.014+0000][64][info ][gc,phases   ] GC(3)   Other: 0.3ms
[2024-01-27T22:01:10.014+0000][64][trace][gc,age      ] GC(3) Age table with threshold 3 (max threshold 15)
[2024-01-27T22:01:10.014+0000][64][trace][gc,age      ] GC(3) - age   1:    1833744 bytes,    1833744 total
[2024-01-27T22:01:10.014+0000][64][trace][gc,age      ] GC(3) - age   2:    2339304 bytes,    4173048 total
[2024-01-27T22:01:10.014+0000][64][trace][gc,age      ] GC(3) - age   3:    2845696 bytes,    7018744 total
[2024-01-27T22:01:10.014+0000][64][info ][gc,heap     ] GC(3) Eden regions: 26->0(74)
[2024-01-27T22:01:10.014+0000][64][info ][gc,heap     ] GC(3) Survivor regions: 3->2(4)
[2024-01-27T22:01:10.014+0000][64][info ][gc,heap     ] GC(3) Old regions: 0->1
[2024-01-27T22:01:10.014+0000][64][info ][gc,heap     ] GC(3) Archive regions: 2->2
[2024-01-27T22:01:10.015+0000][64][info ][gc,heap     ] GC(3) Humongous regions: 0->0
[2024-01-27T22:01:10.015+0000][64][info ][gc,metaspace] GC(3) Metaspace: 17909K(18368K)->17909K(18368K) NonClass: 15871K(16128K)->15871K(16128K) Class: 2037K(2240K)->2037K(2240K)
[2024-01-27T22:01:10.015+0000][64][info ][gc          ] GC(3) Pause Young (Normal) (G1 Evacuation Pause) 118M->14M(512M) 8.545ms
[2024-01-27T22:01:10.015+0000][64][info ][gc,cpu      ] GC(3) User=0.01s Sys=0.00s Real=0.01s
[2024-01-27T22:01:10.015+0000][64][info ][safepoint   ] Safepoint "G1CollectForAllocation", Time since last: 79975916 ns, Reaching safepoint: 2417 ns, Cleanup: 70000 ns, At safepoint: 8841167 ns, Total: 8913584 ns
[2024-01-27T22:01:10.223+0000][64][info ][gc,start    ] GC(4) Pause Young (Concurrent Start) (Metadata GC Threshold)
[2024-01-27T22:01:10.223+0000][64][info ][gc,task     ] GC(4) Using 4 workers of 4 for evacuation
[2024-01-27T22:01:10.223+0000][64][debug][gc,age      ] GC(4) Desired survivor size 20971520 bytes, new threshold 15 (max threshold 15)
[2024-01-27T22:01:10.226+0000][64][info ][gc,phases   ] GC(4)   Pre Evacuate Collection Set: 0.1ms
[2024-01-27T22:01:10.227+0000][64][info ][gc,phases   ] GC(4)   Merge Heap Roots: 0.1ms
[2024-01-27T22:01:10.227+0000][64][info ][gc,phases   ] GC(4)   Evacuate Collection Set: 2.7ms
[2024-01-27T22:01:10.227+0000][64][info ][gc,phases   ] GC(4)   Post Evacuate Collection Set: 0.4ms
[2024-01-27T22:01:10.227+0000][64][info ][gc,phases   ] GC(4)   Other: 0.4ms
[2024-01-27T22:01:10.227+0000][64][trace][gc,age      ] GC(4) Age table with threshold 15 (max threshold 15)
[2024-01-27T22:01:10.227+0000][64][trace][gc,age      ] GC(4) - age   1:    1068976 bytes,    1068976 total
[2024-01-27T22:01:10.227+0000][64][trace][gc,age      ] GC(4) - age   2:    1771120 bytes,    2840096 total
[2024-01-27T22:01:10.228+0000][64][trace][gc,age      ] GC(4) - age   3:    2338232 bytes,    5178328 total
[2024-01-27T22:01:10.228+0000][64][trace][gc,age      ] GC(4) - age   4:    2845536 bytes,    8023864 total
[2024-01-27T22:01:10.228+0000][64][info ][gc,heap     ] GC(4) Eden regions: 7->0(74)
[2024-01-27T22:01:10.228+0000][64][info ][gc,heap     ] GC(4) Survivor regions: 2->2(10)
[2024-01-27T22:01:10.228+0000][64][info ][gc,heap     ] GC(4) Old regions: 1->1
[2024-01-27T22:01:10.228+0000][64][info ][gc,heap     ] GC(4) Archive regions: 2->2
[2024-01-27T22:01:10.228+0000][64][info ][gc,heap     ] GC(4) Humongous regions: 0->0
[2024-01-27T22:01:10.228+0000][64][info ][gc,metaspace] GC(4) Metaspace: 21032K(21504K)->21032K(21504K) NonClass: 18686K(18944K)->18686K(18944K) Class: 2346K(2560K)->2346K(2560K)
[2024-01-27T22:01:10.229+0000][64][info ][gc          ] GC(4) Pause Young (Concurrent Start) (Metadata GC Threshold) 40M->15M(512M) 6.065ms
[2024-01-27T22:01:10.229+0000][64][info ][gc,cpu      ] GC(4) User=0.01s Sys=0.01s Real=0.00s
[2024-01-27T22:01:10.229+0000][64][info ][gc          ] GC(5) Concurrent Mark Cycle
[2024-01-27T22:01:10.229+0000][64][info ][gc,marking  ] GC(5) Concurrent Scan Root Regions
[2024-01-27T22:01:10.229+0000][64][info ][safepoint   ] Safepoint "CollectForMetadataAllocation", Time since last: 207279125 ns, Reaching safepoint: 2375 ns, Cleanup: 89541 ns, At safepoint: 6460375 ns, Total: 6552291 ns
[2024-01-27T22:01:10.233+0000][64][info ][gc,marking  ] GC(5) Concurrent Scan Root Regions 3.718ms
[2024-01-27T22:01:10.233+0000][64][info ][gc,marking  ] GC(5) Concurrent Mark
[2024-01-27T22:01:10.233+0000][64][info ][gc,marking  ] GC(5) Concurrent Mark From Roots
[2024-01-27T22:01:10.233+0000][64][info ][gc,task     ] GC(5) Using 1 workers of 1 for marking
[2024-01-27T22:01:10.235+0000][64][info ][gc,marking  ] GC(5) Concurrent Mark From Roots 2.296ms
[2024-01-27T22:01:10.235+0000][64][info ][gc,marking  ] GC(5) Concurrent Preclean
[2024-01-27T22:01:10.236+0000][64][info ][gc,marking  ] GC(5) Concurrent Preclean 0.159ms
[2024-01-27T22:01:10.236+0000][64][info ][gc,start    ] GC(5) Pause Remark
[2024-01-27T22:01:10.238+0000][64][info ][gc          ] GC(5) Pause Remark 17M->17M(512M) 2.341ms
[2024-01-27T22:01:10.238+0000][64][info ][gc,cpu      ] GC(5) User=0.01s Sys=0.00s Real=0.00s
[2024-01-27T22:01:10.239+0000][64][info ][safepoint   ] Safepoint "G1PauseRemark", Time since last: 6867459 ns, Reaching safepoint: 99708 ns, Cleanup: 30583 ns, At safepoint: 2566084 ns, Total: 2696375 ns
[2024-01-27T22:01:10.239+0000][64][info ][gc,marking  ] GC(5) Concurrent Mark 5.811ms
[2024-01-27T22:01:10.239+0000][64][info ][gc,marking  ] GC(5) Concurrent Rebuild Remembered Sets and Scrub Regions
[2024-01-27T22:01:10.240+0000][64][info ][gc,marking  ] GC(5) Concurrent Rebuild Remembered Sets and Scrub Regions 1.168ms
[2024-01-27T22:01:10.240+0000][64][info ][gc,start    ] GC(5) Pause Cleanup
[2024-01-27T22:01:10.240+0000][64][info ][gc          ] GC(5) Pause Cleanup 17M->17M(512M) 0.157ms
[2024-01-27T22:01:10.241+0000][64][info ][gc,cpu      ] GC(5) User=0.00s Sys=0.00s Real=0.00s
[2024-01-27T22:01:10.241+0000][64][info ][safepoint   ] Safepoint "G1PauseCleanup", Time since last: 1667041 ns, Reaching safepoint: 94875 ns, Cleanup: 30000 ns, At safepoint: 379334 ns, Total: 504209 ns
[2024-01-27T22:01:10.241+0000][64][info ][gc,marking  ] GC(5) Concurrent Clear Claimed Marks
[2024-01-27T22:01:10.241+0000][64][info ][gc,marking  ] GC(5) Concurrent Clear Claimed Marks 0.100ms
[2024-01-27T22:01:10.241+0000][64][info ][gc,marking  ] GC(5) Concurrent Cleanup for Next Mark
[2024-01-27T22:01:10.243+0000][64][info ][gc,marking  ] GC(5) Concurrent Cleanup for Next Mark 2.446ms
[2024-01-27T22:01:10.244+0000][64][info ][gc          ] GC(5) Concurrent Mark Cycle 14.839ms
[2024-01-27T22:01:10.385+0000][64][info ][safepoint   ] Safepoint "ICBufferFull", Time since last: 143786416 ns, Reaching safepoint: 95750 ns, Cleanup: 151542 ns, At safepoint: 8583 ns, Total: 255875 ns
[2024-01-27T22:01:10.552+0000][64][info ][safepoint   ] Safepoint "ICBufferFull", Time since last: 167349375 ns, Reaching safepoint: 97375 ns, Cleanup: 116834 ns, At safepoint: 14250 ns, Total: 228459 ns
[2024-01-27T22:01:10.736+0000][64][info ][safepoint   ] Safepoint "ICBufferFull", Time since last: 183849667 ns, Reaching safepoint: 2958 ns, Cleanup: 124292 ns, At safepoint: 3666 ns, Total: 130916 ns
[2024-01-27T22:01:11.173+0000][64][info ][gc,start    ] GC(6) Pause Young (Normal) (G1 Evacuation Pause)
[2024-01-27T22:01:11.173+0000][64][info ][gc,task     ] GC(6) Using 4 workers of 4 for evacuation
[2024-01-27T22:01:11.173+0000][64][debug][gc,age      ] GC(6) Desired survivor size 20971520 bytes, new threshold 15 (max threshold 15)
[2024-01-27T22:01:11.190+0000][64][info ][gc,phases   ] GC(6)   Pre Evacuate Collection Set: 0.2ms
[2024-01-27T22:01:11.190+0000][64][info ][gc,phases   ] GC(6)   Merge Heap Roots: 0.1ms
[2024-01-27T22:01:11.190+0000][64][info ][gc,phases   ] GC(6)   Evacuate Collection Set: 15.4ms
[2024-01-27T22:01:11.191+0000][64][info ][gc,phases   ] GC(6)   Post Evacuate Collection Set: 1.1ms
[2024-01-27T22:01:11.191+0000][64][info ][gc,phases   ] GC(6)   Other: 0.3ms
[2024-01-27T22:01:11.191+0000][64][trace][gc,age      ] GC(6) Age table with threshold 15 (max threshold 15)
[2024-01-27T22:01:11.191+0000][64][trace][gc,age      ] GC(6) - age   1:    7991176 bytes,    7991176 total
[2024-01-27T22:01:11.191+0000][64][trace][gc,age      ] GC(6) - age   2:     967768 bytes,    8958944 total
[2024-01-27T22:01:11.191+0000][64][trace][gc,age      ] GC(6) - age   3:    1767688 bytes,   10726632 total
[2024-01-27T22:01:11.191+0000][64][trace][gc,age      ] GC(6) - age   4:    2334392 bytes,   13061024 total
[2024-01-27T22:01:11.192+0000][64][trace][gc,age      ] GC(6) - age   5:    2844832 bytes,   15905856 total
[2024-01-27T22:01:11.192+0000][64][info ][gc,heap     ] GC(6) Eden regions: 74->0(72)
[2024-01-27T22:01:11.192+0000][64][info ][gc,heap     ] GC(6) Survivor regions: 2->4(10)
[2024-01-27T22:01:11.192+0000][64][info ][gc,heap     ] GC(6) Old regions: 1->1
[2024-01-27T22:01:11.192+0000][64][info ][gc,heap     ] GC(6) Archive regions: 2->2
[2024-01-27T22:01:11.192+0000][64][info ][gc,heap     ] GC(6) Humongous regions: 0->0
[2024-01-27T22:01:11.192+0000][64][info ][gc,metaspace] GC(6) Metaspace: 25759K(26368K)->25759K(26368K) NonClass: 22761K(23104K)->22761K(23104K) Class: 2998K(3264K)->2998K(3264K)
[2024-01-27T22:01:11.192+0000][64][info ][gc          ] GC(6) Pause Young (Normal) (G1 Evacuation Pause) 311M->23M(512M) 19.769ms
[2024-01-27T22:01:11.193+0000][64][info ][gc,cpu      ] GC(6) User=0.06s Sys=0.01s Real=0.02s
[2024-01-27T22:01:11.193+0000][64][info ][safepoint   ] Safepoint "G1CollectForAllocation", Time since last: 436155917 ns, Reaching safepoint: 2667 ns, Cleanup: 164583 ns, At safepoint: 20194708 ns, Total: 20361958 ns
[2024-01-27T22:01:11.455+0000][64][info ][safepoint   ] Safepoint "ICBufferFull", Time since last: 261681667 ns, Reaching safepoint: 3292 ns, Cleanup: 249917 ns, At safepoint: 3958 ns, Total: 257167 ns
[2024-01-27T22:01:11.817+0000][64][info ][safepoint   ] Safepoint "ICBufferFull", Time since last: 362463542 ns, Reaching safepoint: 2208 ns, Cleanup: 171083 ns, At safepoint: 9875 ns, Total: 183166 ns
[2024-01-27T22:01:12.322+0000][64][info ][gc,start    ] GC(7) Pause Young (Normal) (G1 Evacuation Pause)
[2024-01-27T22:01:12.323+0000][64][info ][gc,task     ] GC(7) Using 4 workers of 4 for evacuation
[2024-01-27T22:01:12.323+0000][64][debug][gc,age      ] GC(7) Desired survivor size 20971520 bytes, new threshold 15 (max threshold 15)
[2024-01-27T22:01:12.361+0000][64][info ][gc,phases   ] GC(7)   Pre Evacuate Collection Set: 0.2ms
[2024-01-27T22:01:12.361+0000][64][info ][gc,phases   ] GC(7)   Merge Heap Roots: 0.1ms
[2024-01-27T22:01:12.361+0000][64][info ][gc,phases   ] GC(7)   Evacuate Collection Set: 36.2ms
[2024-01-27T22:01:12.362+0000][64][info ][gc,phases   ] GC(7)   Post Evacuate Collection Set: 1.3ms
[2024-01-27T22:01:12.362+0000][64][info ][gc,phases   ] GC(7)   Other: 0.4ms
[2024-01-27T22:01:12.362+0000][64][trace][gc,age      ] GC(7) Age table with threshold 15 (max threshold 15)
[2024-01-27T22:01:12.362+0000][64][trace][gc,age      ] GC(7) - age   1:    5654744 bytes,    5654744 total
[2024-01-27T22:01:12.362+0000][64][trace][gc,age      ] GC(7) - age   2:    7320360 bytes,   12975104 total
[2024-01-27T22:01:12.362+0000][64][trace][gc,age      ] GC(7) - age   3:     967736 bytes,   13942840 total
[2024-01-27T22:01:12.362+0000][64][trace][gc,age      ] GC(7) - age   4:    1766200 bytes,   15709040 total
[2024-01-27T22:01:12.363+0000][64][trace][gc,age      ] GC(7) - age   5:    2332096 bytes,   18041136 total
[2024-01-27T22:01:12.363+0000][64][trace][gc,age      ] GC(7) - age   6:    2844800 bytes,   20885936 total
[2024-01-27T22:01:12.363+0000][64][info ][gc,heap     ] GC(7) Eden regions: 72->0(70)
[2024-01-27T22:01:12.363+0000][64][info ][gc,heap     ] GC(7) Survivor regions: 4->6(10)
[2024-01-27T22:01:12.363+0000][64][info ][gc,heap     ] GC(7) Old regions: 1->1
[2024-01-27T22:01:12.363+0000][64][info ][gc,heap     ] GC(7) Archive regions: 2->2
[2024-01-27T22:01:12.363+0000][64][info ][gc,heap     ] GC(7) Humongous regions: 0->0
[2024-01-27T22:01:12.363+0000][64][info ][gc,metaspace] GC(7) Metaspace: 31736K(32448K)->31736K(32448K) NonClass: 28071K(28480K)->28071K(28480K) Class: 3665K(3968K)->3665K(3968K)
[2024-01-27T22:01:12.364+0000][64][info ][gc          ] GC(7) Pause Young (Normal) (G1 Evacuation Pause) 311M->28M(512M) 41.413ms
[2024-01-27T22:01:12.364+0000][64][info ][gc,cpu      ] GC(7) User=0.15s Sys=0.00s Real=0.04s
[2024-01-27T22:01:12.364+0000][64][info ][safepoint   ] Safepoint "G1CollectForAllocation", Time since last: 504533876 ns, Reaching safepoint: 3250 ns, Cleanup: 140458 ns, At safepoint: 41734833 ns, Total: 41878541 ns
[2024-01-27T22:01:12.926+0000][64][info ][safepoint   ] Safepoint "ICBufferFull", Time since last: 562268334 ns, Reaching safepoint: 3000 ns, Cleanup: 179667 ns, At safepoint: 9666 ns, Total: 192333 ns
[2024-01-27T22:01:12.965+0000][64][info ][gc,start    ] GC(8) Pause Young (Normal) (G1 Evacuation Pause)
[2024-01-27T22:01:12.965+0000][64][info ][gc,task     ] GC(8) Using 4 workers of 4 for evacuation
[2024-01-27T22:01:12.965+0000][64][debug][gc,age      ] GC(8) Desired survivor size 20971520 bytes, new threshold 15 (max threshold 15)
[2024-01-27T22:01:12.980+0000][64][info ][gc,phases   ] GC(8)   Pre Evacuate Collection Set: 0.1ms
[2024-01-27T22:01:12.980+0000][64][info ][gc,phases   ] GC(8)   Merge Heap Roots: 0.1ms
[2024-01-27T22:01:12.980+0000][64][info ][gc,phases   ] GC(8)   Evacuate Collection Set: 10.8ms
[2024-01-27T22:01:12.980+0000][64][info ][gc,phases   ] GC(8)   Post Evacuate Collection Set: 3.1ms
[2024-01-27T22:01:12.980+0000][64][info ][gc,phases   ] GC(8)   Other: 0.5ms
[2024-01-27T22:01:12.980+0000][64][trace][gc,age      ] GC(8) Age table with threshold 15 (max threshold 15)
[2024-01-27T22:01:12.980+0000][64][trace][gc,age      ] GC(8) - age   1:    5055720 bytes,    5055720 total
[2024-01-27T22:01:12.981+0000][64][trace][gc,age      ] GC(8) - age   2:    4052304 bytes,    9108024 total
[2024-01-27T22:01:12.981+0000][64][trace][gc,age      ] GC(8) - age   3:    7315248 bytes,   16423272 total
[2024-01-27T22:01:12.981+0000][64][trace][gc,age      ] GC(8) - age   4:     967736 bytes,   17391008 total
[2024-01-27T22:01:12.981+0000][64][trace][gc,age      ] GC(8) - age   5:    1765720 bytes,   19156728 total
[2024-01-27T22:01:12.982+0000][64][trace][gc,age      ] GC(8) - age   6:    2329872 bytes,   21486600 total
[2024-01-27T22:01:12.982+0000][64][trace][gc,age      ] GC(8) - age   7:    2840512 bytes,   24327112 total
[2024-01-27T22:01:12.982+0000][64][info ][gc,heap     ] GC(8) Eden regions: 70->0(69)
[2024-01-27T22:01:12.982+0000][64][info ][gc,heap     ] GC(8) Survivor regions: 6->7(10)
[2024-01-27T22:01:12.983+0000][64][info ][gc,heap     ] GC(8) Old regions: 1->1
[2024-01-27T22:01:12.983+0000][64][info ][gc,heap     ] GC(8) Archive regions: 2->2
[2024-01-27T22:01:12.983+0000][64][info ][gc,heap     ] GC(8) Humongous regions: 0->0
[2024-01-27T22:01:12.985+0000][64][info ][gc,metaspace] GC(8) Metaspace: 33565K(34432K)->33565K(34432K) NonClass: 29655K(30144K)->29655K(30144K) Class: 3909K(4288K)->3909K(4288K)
[2024-01-27T22:01:12.985+0000][64][info ][gc          ] GC(8) Pause Young (Normal) (G1 Evacuation Pause) 308M->32M(512M) 20.598ms
[2024-01-27T22:01:12.986+0000][64][info ][gc,cpu      ] GC(8) User=0.04s Sys=0.00s Real=0.02s
[2024-01-27T22:01:12.987+0000][64][info ][safepoint   ] Safepoint "G1CollectForAllocation", Time since last: 38469959 ns, Reaching safepoint: 2625 ns, Cleanup: 42583 ns, At safepoint: 22007125 ns, Total: 22052333 ns
[2024-01-27T22:01:13.516+0000][64][info ][safepoint   ] Safepoint "ICBufferFull", Time since last: 529515584 ns, Reaching safepoint: 2458 ns, Cleanup: 147583 ns, At safepoint: 7125 ns, Total: 157166 ns
[2024-01-27T22:01:13.525+0000][64][info ][gc,start    ] GC(9) Pause Young (Concurrent Start) (Metadata GC Threshold)
[2024-01-27T22:01:13.525+0000][64][info ][gc,task     ] GC(9) Using 4 workers of 4 for evacuation
[2024-01-27T22:01:13.525+0000][64][debug][gc,age      ] GC(9) Desired survivor size 20971520 bytes, new threshold 6 (max threshold 15)
[2024-01-27T22:01:13.543+0000][64][info ][gc,phases   ] GC(9)   Pre Evacuate Collection Set: 0.1ms
[2024-01-27T22:01:13.543+0000][64][info ][gc,phases   ] GC(9)   Merge Heap Roots: 0.1ms
[2024-01-27T22:01:13.543+0000][64][info ][gc,phases   ] GC(9)   Evacuate Collection Set: 16.3ms
[2024-01-27T22:01:13.543+0000][64][info ][gc,phases   ] GC(9)   Post Evacuate Collection Set: 0.6ms
[2024-01-27T22:01:13.543+0000][64][info ][gc,phases   ] GC(9)   Other: 0.3ms
[2024-01-27T22:01:13.544+0000][64][trace][gc,age      ] GC(9) Age table with threshold 6 (max threshold 15)
[2024-01-27T22:01:13.544+0000][64][trace][gc,age      ] GC(9) - age   1:    3748120 bytes,    3748120 total
[2024-01-27T22:01:13.544+0000][64][trace][gc,age      ] GC(9) - age   2:    4716240 bytes,    8464360 total
[2024-01-27T22:01:13.544+0000][64][trace][gc,age      ] GC(9) - age   3:    4038544 bytes,   12502904 total
[2024-01-27T22:01:13.544+0000][64][trace][gc,age      ] GC(9) - age   4:    7299544 bytes,   19802448 total
[2024-01-27T22:01:13.544+0000][64][trace][gc,age      ] GC(9) - age   5:     965488 bytes,   20767936 total
[2024-01-27T22:01:13.544+0000][64][trace][gc,age      ] GC(9) - age   6:    1742936 bytes,   22510872 total
[2024-01-27T22:01:13.545+0000][64][info ][gc,heap     ] GC(9) Eden regions: 69->0(70)
[2024-01-27T22:01:13.545+0000][64][info ][gc,heap     ] GC(9) Survivor regions: 7->6(10)
[2024-01-27T22:01:13.545+0000][64][info ][gc,heap     ] GC(9) Old regions: 1->2
[2024-01-27T22:01:13.545+0000][64][info ][gc,heap     ] GC(9) Archive regions: 2->2
[2024-01-27T22:01:13.545+0000][64][info ][gc,heap     ] GC(9) Humongous regions: 0->0
[2024-01-27T22:01:13.545+0000][64][info ][gc,metaspace] GC(9) Metaspace: 35300K(36160K)->35300K(36160K) NonClass: 31170K(31680K)->31170K(31680K) Class: 4130K(4480K)->4130K(4480K)
[2024-01-27T22:01:13.545+0000][64][info ][gc          ] GC(9) Pause Young (Concurrent Start) (Metadata GC Threshold) 306M->34M(512M) 20.182ms
[2024-01-27T22:01:13.546+0000][64][info ][gc,cpu      ] GC(9) User=0.04s Sys=0.00s Real=0.02s
[2024-01-27T22:01:13.546+0000][64][info ][gc          ] GC(10) Concurrent Mark Cycle
[2024-01-27T22:01:13.546+0000][64][info ][gc,marking  ] GC(10) Concurrent Scan Root Regions
[2024-01-27T22:01:13.546+0000][64][info ][safepoint   ] Safepoint "CollectForMetadataAllocation", Time since last: 8657375 ns, Reaching safepoint: 2042 ns, Cleanup: 35000 ns, At safepoint: 20588750 ns, Total: 20625792 ns
[2024-01-27T22:01:13.555+0000][64][info ][gc,marking  ] GC(10) Concurrent Scan Root Regions 8.847ms
[2024-01-27T22:01:13.555+0000][64][info ][gc,marking  ] GC(10) Concurrent Mark
[2024-01-27T22:01:13.555+0000][64][info ][gc,marking  ] GC(10) Concurrent Mark From Roots
[2024-01-27T22:01:13.555+0000][64][info ][gc,task     ] GC(10) Using 1 workers of 1 for marking
[2024-01-27T22:01:13.560+0000][64][info ][gc,marking  ] GC(10) Concurrent Mark From Roots 5.051ms
[2024-01-27T22:01:13.560+0000][64][info ][gc,marking  ] GC(10) Concurrent Preclean
[2024-01-27T22:01:13.560+0000][64][info ][safepoint   ] Safepoint "CollectForMetadataAllocation", Time since last: 14494792 ns, Reaching safepoint: 1583 ns, Cleanup: 48500 ns, At safepoint: 86958 ns, Total: 137041 ns
[2024-01-27T22:01:13.560+0000][64][info ][gc,marking  ] GC(10) Concurrent Preclean 0.269ms
[2024-01-27T22:01:13.561+0000][64][info ][gc,start    ] GC(10) Pause Remark
[2024-01-27T22:01:13.564+0000][64][info ][gc          ] GC(10) Pause Remark 38M->38M(512M) 3.152ms
[2024-01-27T22:01:13.564+0000][64][info ][gc,cpu      ] GC(10) User=0.01s Sys=0.00s Real=0.01s
[2024-01-27T22:01:13.564+0000][64][info ][safepoint   ] Safepoint "G1PauseRemark", Time since last: 292625 ns, Reaching safepoint: 101250 ns, Cleanup: 26709 ns, At safepoint: 3483291 ns, Total: 3611250 ns
[2024-01-27T22:01:13.564+0000][64][info ][gc,marking  ] GC(10) Concurrent Mark 9.619ms
[2024-01-27T22:01:13.565+0000][64][info ][gc,marking  ] GC(10) Concurrent Rebuild Remembered Sets and Scrub Regions
[2024-01-27T22:01:13.566+0000][64][info ][gc,marking  ] GC(10) Concurrent Rebuild Remembered Sets and Scrub Regions 1.822ms
[2024-01-27T22:01:13.567+0000][64][info ][gc,start    ] GC(10) Pause Cleanup
[2024-01-27T22:01:13.567+0000][64][info ][gc          ] GC(10) Pause Cleanup 38M->38M(512M) 0.148ms
[2024-01-27T22:01:13.567+0000][64][info ][gc,cpu      ] GC(10) User=0.00s Sys=0.00s Real=0.00s
[2024-01-27T22:01:13.567+0000][64][info ][safepoint   ] Safepoint "G1PauseCleanup", Time since last: 2251084 ns, Reaching safepoint: 99625 ns, Cleanup: 47416 ns, At safepoint: 424375 ns, Total: 571416 ns
[2024-01-27T22:01:13.567+0000][64][info ][gc,marking  ] GC(10) Concurrent Clear Claimed Marks
[2024-01-27T22:01:13.567+0000][64][info ][gc,marking  ] GC(10) Concurrent Clear Claimed Marks 0.126ms
[2024-01-27T22:01:13.568+0000][64][info ][gc,marking  ] GC(10) Concurrent Cleanup for Next Mark
[2024-01-27T22:01:13.570+0000][64][info ][gc,marking  ] GC(10) Concurrent Cleanup for Next Mark 2.468ms
[2024-01-27T22:01:13.570+0000][64][info ][gc          ] GC(10) Concurrent Mark Cycle 24.744ms
[2024-01-27T22:01:13.926+0000][64][info ][safepoint   ] Safepoint "ICBufferFull", Time since last: 358800459 ns, Reaching safepoint: 4750 ns, Cleanup: 147375 ns, At safepoint: 5958 ns, Total: 158083 ns
[2024-01-27T22:01:14.203+0000][64][info ][safepoint   ] Safepoint "ICBufferFull", Time since last: 276222667 ns, Reaching safepoint: 101417 ns, Cleanup: 141458 ns, At safepoint: 7750 ns, Total: 250625 ns
[2024-01-27T22:01:14.439+0000][64][info ][safepoint   ] Safepoint "ICBufferFull", Time since last: 236386417 ns, Reaching safepoint: 5291 ns, Cleanup: 203500 ns, At safepoint: 5084 ns, Total: 213875 ns
[2024-01-27T22:01:14.900+0000][64][info ][safepoint   ] Safepoint "ICBufferFull", Time since last: 460805375 ns, Reaching safepoint: 8750 ns, Cleanup: 199292 ns, At safepoint: 3750 ns, Total: 211792 ns
[2024-01-27T22:01:15.664+0000][64][info ][gc,start    ] GC(11) Pause Young (Normal) (G1 Evacuation Pause)
[2024-01-27T22:01:15.664+0000][64][info ][gc,task     ] GC(11) Using 4 workers of 4 for evacuation
[2024-01-27T22:01:15.665+0000][64][debug][gc,age      ] GC(11) Desired survivor size 20971520 bytes, new threshold 6 (max threshold 15)
[2024-01-27T22:01:15.720+0000][64][info ][gc,phases   ] GC(11)   Pre Evacuate Collection Set: 0.2ms
[2024-01-27T22:01:15.720+0000][64][info ][gc,phases   ] GC(11)   Merge Heap Roots: 0.1ms
[2024-01-27T22:01:15.721+0000][64][info ][gc,phases   ] GC(11)   Evacuate Collection Set: 53.3ms
[2024-01-27T22:01:15.721+0000][64][info ][gc,phases   ] GC(11)   Post Evacuate Collection Set: 1.6ms
[2024-01-27T22:01:15.721+0000][64][info ][gc,phases   ] GC(11)   Other: 0.8ms
[2024-01-27T22:01:15.721+0000][64][trace][gc,age      ] GC(11) Age table with threshold 6 (max threshold 15)
[2024-01-27T22:01:15.721+0000][64][trace][gc,age      ] GC(11) - age   1:   18449136 bytes,   18449136 total
[2024-01-27T22:01:15.721+0000][64][trace][gc,age      ] GC(11) - age   2:    3712224 bytes,   22161360 total
[2024-01-27T22:01:15.721+0000][64][trace][gc,age      ] GC(11) - age   3:    4691608 bytes,   26852968 total
[2024-01-27T22:01:15.721+0000][64][trace][gc,age      ] GC(11) - age   4:    4028712 bytes,   30881680 total
[2024-01-27T22:01:15.722+0000][64][trace][gc,age      ] GC(11) - age   5:    7277752 bytes,   38159432 total
[2024-01-27T22:01:15.722+0000][64][trace][gc,age      ] GC(11) - age   6:     962488 bytes,   39121920 total
[2024-01-27T22:01:15.722+0000][64][info ][gc,heap     ] GC(11) Eden regions: 70->0(66)
[2024-01-27T22:01:15.722+0000][64][info ][gc,heap     ] GC(11) Survivor regions: 6->10(10)
[2024-01-27T22:01:15.722+0000][64][info ][gc,heap     ] GC(11) Old regions: 2->3
[2024-01-27T22:01:15.722+0000][64][info ][gc,heap     ] GC(11) Archive regions: 2->2
[2024-01-27T22:01:15.722+0000][64][info ][gc,heap     ] GC(11) Humongous regions: 0->0
[2024-01-27T22:01:15.722+0000][64][info ][gc,metaspace] GC(11) Metaspace: 44261K(45632K)->44261K(45632K) NonClass: 38913K(39744K)->38913K(39744K) Class: 5348K(5888K)->5348K(5888K)
[2024-01-27T22:01:15.723+0000][64][info ][gc          ] GC(11) Pause Young (Normal) (G1 Evacuation Pause) 314M->53M(512M) 58.789ms
[2024-01-27T22:01:15.723+0000][64][info ][gc,cpu      ] GC(11) User=0.18s Sys=0.00s Real=0.06s
[2024-01-27T22:01:15.723+0000][64][info ][safepoint   ] Safepoint "G1CollectForAllocation", Time since last: 763339083 ns, Reaching safepoint: 2792 ns, Cleanup: 124833 ns, At safepoint: 59187750 ns, Total: 59315375 ns
[2024-01-27T22:01:16.066+0000][64][info ][safepoint   ] Safepoint "ICBufferFull", Time since last: 342974584 ns, Reaching safepoint: 2416 ns, Cleanup: 157959 ns, At safepoint: 2750 ns, Total: 163125 ns
[2024-01-27T22:01:16.261+0000][64][info ][safepoint   ] Safepoint "ICBufferFull", Time since last: 194580125 ns, Reaching safepoint: 4875 ns, Cleanup: 174833 ns, At safepoint: 3250 ns, Total: 182958 ns
[2024-01-27T22:01:16.425+0000][64][info ][safepoint   ] Safepoint "ICBufferFull", Time since last: 164235292 ns, Reaching safepoint: 2583 ns, Cleanup: 120875 ns, At safepoint: 3459 ns, Total: 126917 ns
[2024-01-27T22:01:16.726+0000][64][info ][safepoint   ] Safepoint "ICBufferFull", Time since last: 300544541 ns, Reaching safepoint: 2959 ns, Cleanup: 235708 ns, At safepoint: 9958 ns, Total: 248625 ns
[2024-01-27T22:01:16.959+0000][64][info ][gc,start    ] GC(12) Pause Young (Concurrent Start) (Metadata GC Threshold)
[2024-01-27T22:01:16.959+0000][64][info ][gc,task     ] GC(12) Using 4 workers of 4 for evacuation
[2024-01-27T22:01:16.959+0000][64][debug][gc,age      ] GC(12) Desired survivor size 20971520 bytes, new threshold 2 (max threshold 15)
[2024-01-27T22:01:17.036+0000][64][info ][gc,phases   ] GC(12)   Pre Evacuate Collection Set: 0.3ms
[2024-01-27T22:01:17.037+0000][64][info ][gc,phases   ] GC(12)   Merge Heap Roots: 0.1ms
[2024-01-27T22:01:17.037+0000][64][info ][gc,phases   ] GC(12)   Evacuate Collection Set: 73.6ms
[2024-01-27T22:01:17.037+0000][64][info ][gc,phases   ] GC(12)   Post Evacuate Collection Set: 2.2ms
[2024-01-27T22:01:17.037+0000][64][info ][gc,phases   ] GC(12)   Other: 0.7ms
[2024-01-27T22:01:17.037+0000][64][trace][gc,age      ] GC(12) Age table with threshold 2 (max threshold 15)
[2024-01-27T22:01:17.038+0000][64][trace][gc,age      ] GC(12) - age   1:    7261936 bytes,    7261936 total
[2024-01-27T22:01:17.038+0000][64][trace][gc,age      ] GC(12) - age   2:   18006200 bytes,   25268136 total
[2024-01-27T22:01:17.038+0000][64][info ][gc,heap     ] GC(12) Eden regions: 45->0(69)
[2024-01-27T22:01:17.038+0000][64][info ][gc,heap     ] GC(12) Survivor regions: 10->7(10)
[2024-01-27T22:01:17.039+0000][64][info ][gc,heap     ] GC(12) Old regions: 3->8
[2024-01-27T22:01:17.039+0000][64][info ][gc,heap     ] GC(12) Archive regions: 2->2
[2024-01-27T22:01:17.039+0000][64][info ][gc,heap     ] GC(12) Humongous regions: 0->0
[2024-01-27T22:01:17.040+0000][64][info ][gc,metaspace] GC(12) Metaspace: 59536K(60928K)->59536K(60928K) NonClass: 52046K(52928K)->52046K(52928K) Class: 7489K(8000K)->7489K(8000K)
[2024-01-27T22:01:17.040+0000][64][info ][gc          ] GC(12) Pause Young (Concurrent Start) (Metadata GC Threshold) 231M->61M(512M) 81.218ms
[2024-01-27T22:01:17.040+0000][64][info ][gc,cpu      ] GC(12) User=0.29s Sys=0.00s Real=0.08s
[2024-01-27T22:01:17.040+0000][64][info ][gc          ] GC(13) Concurrent Mark Cycle
[2024-01-27T22:01:17.053+0000][64][info ][gc,marking  ] GC(13) Concurrent Scan Root Regions
[2024-01-27T22:01:17.041+0000][64][info ][safepoint   ] Safepoint "CollectForMetadataAllocation", Time since last: 232642334 ns, Reaching safepoint: 3708 ns, Cleanup: 87417 ns, At safepoint: 82136042 ns, Total: 82227167 ns
[2024-01-27T22:01:17.108+0000][64][info ][gc,marking  ] GC(13) Concurrent Scan Root Regions 55.018ms
[2024-01-27T22:01:17.109+0000][64][info ][gc,marking  ] GC(13) Concurrent Mark
[2024-01-27T22:01:17.109+0000][64][info ][gc,marking  ] GC(13) Concurrent Mark From Roots
[2024-01-27T22:01:17.109+0000][64][info ][gc,task     ] GC(13) Using 1 workers of 1 for marking
[2024-01-27T22:01:17.115+0000][64][info ][safepoint   ] Safepoint "CollectForMetadataAllocation", Time since last: 73525666 ns, Reaching safepoint: 115542 ns, Cleanup: 55667 ns, At safepoint: 335750 ns, Total: 506959 ns
[2024-01-27T22:01:17.145+0000][64][info ][gc,marking  ] GC(13) Concurrent Mark From Roots 36.127ms
[2024-01-27T22:01:17.145+0000][64][info ][gc,marking  ] GC(13) Concurrent Preclean
[2024-01-27T22:01:17.145+0000][64][info ][gc,marking  ] GC(13) Concurrent Preclean 0.286ms
[2024-01-27T22:01:17.146+0000][64][info ][gc,start    ] GC(13) Pause Remark
[2024-01-27T22:01:17.167+0000][64][info ][gc          ] GC(13) Pause Remark 65M->65M(512M) 21.528ms
[2024-01-27T22:01:17.168+0000][64][info ][gc,cpu      ] GC(13) User=0.07s Sys=0.00s Real=0.02s
[2024-01-27T22:01:17.168+0000][64][info ][safepoint   ] Safepoint "G1PauseRemark", Time since last: 31015625 ns, Reaching safepoint: 6000 ns, Cleanup: 43708 ns, At safepoint: 22503208 ns, Total: 22552916 ns
[2024-01-27T22:01:17.178+0000][64][info ][gc,marking  ] GC(13) Concurrent Mark 69.598ms
[2024-01-27T22:01:17.179+0000][64][info ][gc,marking  ] GC(13) Concurrent Rebuild Remembered Sets and Scrub Regions
[2024-01-27T22:01:17.196+0000][64][info ][gc,marking  ] GC(13) Concurrent Rebuild Remembered Sets and Scrub Regions 16.994ms
[2024-01-27T22:01:17.197+0000][64][info ][gc,start    ] GC(13) Pause Cleanup
[2024-01-27T22:01:17.197+0000][64][info ][gc          ] GC(13) Pause Cleanup 65M->65M(512M) 0.268ms
[2024-01-27T22:01:17.197+0000][64][info ][gc,cpu      ] GC(13) User=0.00s Sys=0.00s Real=0.00s
[2024-01-27T22:01:17.197+0000][64][info ][safepoint   ] Safepoint "G1PauseCleanup", Time since last: 28256250 ns, Reaching safepoint: 94209 ns, Cleanup: 87791 ns, At safepoint: 544209 ns, Total: 726209 ns
[2024-01-27T22:01:17.198+0000][64][info ][gc,marking  ] GC(13) Concurrent Clear Claimed Marks
[2024-01-27T22:01:17.198+0000][64][info ][gc,marking  ] GC(13) Concurrent Clear Claimed Marks 0.218ms
[2024-01-27T22:01:17.198+0000][64][info ][gc,marking  ] GC(13) Concurrent Cleanup for Next Mark
[2024-01-27T22:01:17.208+0000][64][info ][gc,marking  ] GC(13) Concurrent Cleanup for Next Mark 10.391ms
[2024-01-27T22:01:17.209+0000][64][info ][gc          ] GC(13) Concurrent Mark Cycle 168.242ms
[2024-01-27T22:01:17.705+0000][64][info ][safepoint   ] Safepoint "ICBufferFull", Time since last: 507113583 ns, Reaching safepoint: 5917 ns, Cleanup: 155208 ns, At safepoint: 13000 ns, Total: 174125 ns
[2024-01-27T22:01:18.709+0000][64][info ][safepoint   ] Safepoint "Cleanup", Time since last: 1000880417 ns, Reaching safepoint: 3085584 ns, Cleanup: 265000 ns, At safepoint: 17625 ns, Total: 3368209 ns
[2024-01-27T22:01:19.010+0000][64][info ][gc,start    ] GC(14) Pause Young (Normal) (G1 Evacuation Pause)
[2024-01-27T22:01:19.010+0000][64][info ][gc,task     ] GC(14) Using 4 workers of 4 for evacuation
[2024-01-27T22:01:19.010+0000][64][debug][gc,age      ] GC(14) Desired survivor size 20971520 bytes, new threshold 2 (max threshold 15)
[2024-01-27T22:01:19.066+0000][64][info ][gc,phases   ] GC(14)   Pre Evacuate Collection Set: 0.7ms
[2024-01-27T22:01:19.066+0000][64][info ][gc,phases   ] GC(14)   Merge Heap Roots: 0.7ms
[2024-01-27T22:01:19.066+0000][64][info ][gc,phases   ] GC(14)   Evacuate Collection Set: 52.0ms
[2024-01-27T22:01:19.066+0000][64][info ][gc,phases   ] GC(14)   Post Evacuate Collection Set: 1.5ms
[2024-01-27T22:01:19.066+0000][64][info ][gc,phases   ] GC(14)   Other: 0.6ms
[2024-01-27T22:01:19.067+0000][64][trace][gc,age      ] GC(14) Age table with threshold 2 (max threshold 15)
[2024-01-27T22:01:19.067+0000][64][trace][gc,age      ] GC(14) - age   1:    2434624 bytes,    2434624 total
[2024-01-27T22:01:19.067+0000][64][trace][gc,age      ] GC(14) - age   2:    7032672 bytes,    9467296 total
[2024-01-27T22:01:19.067+0000][64][info ][gc,heap     ] GC(14) Eden regions: 69->0(73)
[2024-01-27T22:01:19.067+0000][64][info ][gc,heap     ] GC(14) Survivor regions: 7->3(10)
[2024-01-27T22:01:19.067+0000][64][info ][gc,heap     ] GC(14) Old regions: 8->13
[2024-01-27T22:01:19.067+0000][64][info ][gc,heap     ] GC(14) Archive regions: 2->2
[2024-01-27T22:01:19.067+0000][64][info ][gc,heap     ] GC(14) Humongous regions: 0->0
[2024-01-27T22:01:19.068+0000][64][info ][gc,metaspace] GC(14) Metaspace: 67253K(68736K)->67253K(68736K) NonClass: 58534K(59456K)->58534K(59456K) Class: 8719K(9280K)->8719K(9280K)
[2024-01-27T22:01:19.068+0000][64][info ][gc          ] GC(14) Pause Young (Normal) (G1 Evacuation Pause) 337M->64M(512M) 57.749ms
[2024-01-27T22:01:19.068+0000][64][info ][gc,cpu      ] GC(14) User=0.19s Sys=0.00s Real=0.06s
[2024-01-27T22:01:19.068+0000][64][info ][safepoint   ] Safepoint "G1CollectForAllocation", Time since last: 300990833 ns, Reaching safepoint: 2875 ns, Cleanup: 86417 ns, At safepoint: 58068375 ns, Total: 58157667 ns
[2024-01-27T22:01:19.818+0000][64][info ][safepoint   ] Safepoint "ICBufferFull", Time since last: 749559625 ns, Reaching safepoint: 3167 ns, Cleanup: 199042 ns, At safepoint: 3708 ns, Total: 205917 ns
[2024-01-27T22:01:20.577+0000][64][info ][safepoint   ] Safepoint "ICBufferFull", Time since last: 760234583 ns, Reaching safepoint: 3042 ns, Cleanup: 148333 ns, At safepoint: 3625 ns, Total: 155000 ns
[2024-01-27T22:01:20.735+0000][64][info ][safepoint   ] Safepoint "ICBufferFull", Time since last: 157667459 ns, Reaching safepoint: 3250 ns, Cleanup: 146958 ns, At safepoint: 8500 ns, Total: 158708 ns
[2024-01-27T22:01:21.038+0000][64][info ][safepoint   ] Safepoint "ICBufferFull", Time since last: 302852959 ns, Reaching safepoint: 102250 ns, Cleanup: 160750 ns, At safepoint: 19250 ns, Total: 282250 ns
[2024-01-27T22:01:21.097+0000][64][info ][gc,start    ] GC(15) Pause Young (Concurrent Start) (Metadata GC Threshold)
[2024-01-27T22:01:21.098+0000][64][info ][gc,task     ] GC(15) Using 4 workers of 4 for evacuation
[2024-01-27T22:01:21.098+0000][64][debug][gc,age      ] GC(15) Desired survivor size 20971520 bytes, new threshold 15 (max threshold 15)
[2024-01-27T22:01:21.128+0000][64][info ][gc,phases   ] GC(15)   Pre Evacuate Collection Set: 0.2ms
[2024-01-27T22:01:21.129+0000][64][info ][gc,phases   ] GC(15)   Merge Heap Roots: 0.1ms
[2024-01-27T22:01:21.129+0000][64][info ][gc,phases   ] GC(15)   Evacuate Collection Set: 28.5ms
[2024-01-27T22:01:21.129+0000][64][info ][gc,phases   ] GC(15)   Post Evacuate Collection Set: 1.2ms
[2024-01-27T22:01:21.129+0000][64][info ][gc,phases   ] GC(15)   Other: 0.6ms
[2024-01-27T22:01:21.129+0000][64][trace][gc,age      ] GC(15) Age table with threshold 15 (max threshold 15)
[2024-01-27T22:01:21.129+0000][64][trace][gc,age      ] GC(15) - age   1:   14284032 bytes,   14284032 total
[2024-01-27T22:01:21.130+0000][64][trace][gc,age      ] GC(15) - age   2:    2237448 bytes,   16521480 total
[2024-01-27T22:01:21.130+0000][64][trace][gc,age      ] GC(15) - age   3:    6936616 bytes,   23458096 total
[2024-01-27T22:01:21.130+0000][64][info ][gc,heap     ] GC(15) Eden regions: 49->0(69)
[2024-01-27T22:01:21.130+0000][64][info ][gc,heap     ] GC(15) Survivor regions: 3->7(10)
[2024-01-27T22:01:21.130+0000][64][info ][gc,heap     ] GC(15) Old regions: 13->13
[2024-01-27T22:01:21.130+0000][64][info ][gc,heap     ] GC(15) Archive regions: 2->2
[2024-01-27T22:01:21.130+0000][64][info ][gc,heap     ] GC(15) Humongous regions: 0->0
[2024-01-27T22:01:21.131+0000][64][info ][gc,metaspace] GC(15) Metaspace: 99620K(102400K)->99620K(102400K) NonClass: 86184K(87680K)->86184K(87680K) Class: 13436K(14720K)->13436K(14720K)
[2024-01-27T22:01:21.131+0000][64][info ][gc          ] GC(15) Pause Young (Concurrent Start) (Metadata GC Threshold) 260M->77M(512M) 33.711ms
[2024-01-27T22:01:21.131+0000][64][info ][gc,cpu      ] GC(15) User=0.11s Sys=0.00s Real=0.04s
[2024-01-27T22:01:21.131+0000][64][info ][gc          ] GC(16) Concurrent Mark Cycle
[2024-01-27T22:01:21.132+0000][64][info ][gc,marking  ] GC(16) Concurrent Scan Root Regions
[2024-01-27T22:01:21.131+0000][64][info ][safepoint   ] Safepoint "CollectForMetadataAllocation", Time since last: 58785083 ns, Reaching safepoint: 3292 ns, Cleanup: 68375 ns, At safepoint: 34249125 ns, Total: 34320792 ns
[2024-01-27T22:01:21.155+0000][64][info ][safepoint   ] Safepoint "CollectForMetadataAllocation", Time since last: 23398875 ns, Reaching safepoint: 3208 ns, Cleanup: 51958 ns, At safepoint: 71834 ns, Total: 127000 ns
[2024-01-27T22:01:21.156+0000][64][info ][gc,marking  ] GC(16) Concurrent Scan Root Regions 24.712ms
[2024-01-27T22:01:21.157+0000][64][info ][gc,marking  ] GC(16) Concurrent Mark
[2024-01-27T22:01:21.157+0000][64][info ][gc,marking  ] GC(16) Concurrent Mark From Roots
[2024-01-27T22:01:21.157+0000][64][info ][gc,task     ] GC(16) Using 1 workers of 1 for marking
[2024-01-27T22:01:21.175+0000][64][info ][safepoint   ] Safepoint "CollectForMetadataAllocation", Time since last: 19677916 ns, Reaching safepoint: 10375 ns, Cleanup: 46375 ns, At safepoint: 84667 ns, Total: 141417 ns
[2024-01-27T22:01:21.188+0000][64][info ][safepoint   ] Safepoint "CollectForMetadataAllocation", Time since last: 12710542 ns, Reaching safepoint: 49666 ns, Cleanup: 41875 ns, At safepoint: 86542 ns, Total: 178083 ns
[2024-01-27T22:01:21.202+0000][64][info ][safepoint   ] Safepoint "CollectForMetadataAllocation", Time since last: 14434917 ns, Reaching safepoint: 188583 ns, Cleanup: 62583 ns, At safepoint: 76209 ns, Total: 327375 ns
[2024-01-27T22:01:21.218+0000][64][info ][gc,marking  ] GC(16) Concurrent Mark From Roots 60.912ms
[2024-01-27T22:01:21.218+0000][64][info ][gc,marking  ] GC(16) Concurrent Preclean
[2024-01-27T22:01:21.219+0000][64][info ][gc,marking  ] GC(16) Concurrent Preclean 0.327ms
[2024-01-27T22:01:21.218+0000][64][info ][safepoint   ] Safepoint "CollectForMetadataAllocation", Time since last: 15749666 ns, Reaching safepoint: 2000 ns, Cleanup: 32042 ns, At safepoint: 69833 ns, Total: 103875 ns
[2024-01-27T22:01:21.219+0000][64][info ][gc,start    ] GC(16) Pause Remark
[2024-01-27T22:01:21.225+0000][64][info ][gc          ] GC(16) Pause Remark 93M->93M(512M) 6.158ms
[2024-01-27T22:01:21.225+0000][64][info ][gc,cpu      ] GC(16) User=0.01s Sys=0.01s Real=0.01s
[2024-01-27T22:01:21.225+0000][64][info ][safepoint   ] Safepoint "G1PauseRemark", Time since last: 601000 ns, Reaching safepoint: 96209 ns, Cleanup: 25541 ns, At safepoint: 6362334 ns, Total: 6484084 ns
[2024-01-27T22:01:21.225+0000][64][info ][gc,marking  ] GC(16) Concurrent Mark 68.885ms
[2024-01-27T22:01:21.226+0000][64][info ][gc,marking  ] GC(16) Concurrent Rebuild Remembered Sets and Scrub Regions
[2024-01-27T22:01:21.250+0000][64][info ][gc,marking  ] GC(16) Concurrent Rebuild Remembered Sets and Scrub Regions 24.389ms
[2024-01-27T22:01:21.250+0000][64][info ][gc,start    ] GC(16) Pause Cleanup
[2024-01-27T22:01:21.250+0000][64][info ][gc          ] GC(16) Pause Cleanup 95M->95M(512M) 0.165ms
[2024-01-27T22:01:21.251+0000][64][info ][gc,cpu      ] GC(16) User=0.00s Sys=0.00s Real=0.00s
[2024-01-27T22:01:21.251+0000][64][info ][safepoint   ] Safepoint "G1PauseCleanup", Time since last: 24757625 ns, Reaching safepoint: 91541 ns, Cleanup: 61417 ns, At safepoint: 334667 ns, Total: 487625 ns
[2024-01-27T22:01:21.251+0000][64][info ][gc,marking  ] GC(16) Concurrent Clear Claimed Marks
[2024-01-27T22:01:21.251+0000][64][info ][gc,marking  ] GC(16) Concurrent Clear Claimed Marks 0.347ms
[2024-01-27T22:01:21.251+0000][64][info ][gc,marking  ] GC(16) Concurrent Cleanup for Next Mark
[2024-01-27T22:01:21.254+0000][64][info ][gc,marking  ] GC(16) Concurrent Cleanup for Next Mark 3.078ms
[2024-01-27T22:01:21.254+0000][64][info ][gc          ] GC(16) Concurrent Mark Cycle 123.166ms
[2024-01-27T22:01:21.562+0000][64][info ][safepoint   ] Safepoint "ICBufferFull", Time since last: 311298416 ns, Reaching safepoint: 92750 ns, Cleanup: 129000 ns, At safepoint: 7959 ns, Total: 229709 ns
[2024-01-27T22:01:21.688+0000][64][info ][safepoint   ] Safepoint "ICBufferFull", Time since last: 125519541 ns, Reaching safepoint: 92209 ns, Cleanup: 131250 ns, At safepoint: 14375 ns, Total: 237834 ns
[2024-01-27T22:01:22.001+0000][64][info ][safepoint   ] Safepoint "ICBufferFull", Time since last: 312530250 ns, Reaching safepoint: 21000 ns, Cleanup: 194917 ns, At safepoint: 11000 ns, Total: 226917 ns
[2024-01-27T22:01:22.271+0000][64][info ][safepoint   ] Safepoint "ICBufferFull", Time since last: 269794708 ns, Reaching safepoint: 107083 ns, Cleanup: 180375 ns, At safepoint: 14250 ns, Total: 301708 ns
[2024-01-27T22:01:22.879+0000][64][info ][safepoint   ] Safepoint "ICBufferFull", Time since last: 607861626 ns, Reaching safepoint: 10625 ns, Cleanup: 299208 ns, At safepoint: 22875 ns, Total: 332708 ns
[2024-01-27T22:01:23.621+0000][64][info ][safepoint   ] Safepoint "ICBufferFull", Time since last: 741319375 ns, Reaching safepoint: 90417 ns, Cleanup: 340542 ns, At safepoint: 25291 ns, Total: 456250 ns
[2024-01-27T22:01:24.652+0000][64][info ][safepoint   ] Safepoint "Cleanup", Time since last: 1031008209 ns, Reaching safepoint: 179375 ns, Cleanup: 243167 ns, At safepoint: 7333 ns, Total: 429875 ns
[2024-01-27T22:01:25.656+0000][64][info ][safepoint   ] Safepoint "Cleanup", Time since last: 1001408709 ns, Reaching safepoint: 2195958 ns, Cleanup: 284167 ns, At safepoint: 7000 ns, Total: 2487125 ns
[2024-01-27T22:01:27.660+0000][64][info ][safepoint   ] Safepoint "Cleanup", Time since last: 2003106668 ns, Reaching safepoint: 486500 ns, Cleanup: 218041 ns, At safepoint: 28292 ns, Total: 732833 ns
[2024-01-27T22:01:29.667+0000][64][info ][safepoint   ] Safepoint "Cleanup", Time since last: 2006874834 ns, Reaching safepoint: 301167 ns, Cleanup: 139667 ns, At safepoint: 5333 ns, Total: 446167 ns
[2024-01-27T22:01:31.669+0000][64][info ][safepoint   ] Safepoint "Cleanup", Time since last: 2001680293 ns, Reaching safepoint: 278833 ns, Cleanup: 151750 ns, At safepoint: 5042 ns, Total: 435625 ns
[2024-01-27T22:01:32.677+0000][64][info ][safepoint   ] Safepoint "Cleanup", Time since last: 1006185208 ns, Reaching safepoint: 185875 ns, Cleanup: 178542 ns, At safepoint: 791750 ns, Total: 1156167 ns
[2024-01-27T22:01:35.680+0000][64][info ][safepoint   ] Safepoint "Cleanup", Time since last: 3002686793 ns, Reaching safepoint: 94500 ns, Cleanup: 520000 ns, At safepoint: 15500 ns, Total: 630000 ns
[2024-01-27T22:01:41.692+0000][64][info ][safepoint   ] Safepoint "Cleanup", Time since last: 6006443795 ns, Reaching safepoint: 3505500 ns, Cleanup: 2385250 ns, At safepoint: 14000 ns, Total: 5904750 ns
[2024-01-27T22:01:44.715+0000][64][info ][safepoint   ] Safepoint "Cleanup", Time since last: 3020744376 ns, Reaching safepoint: 1134167 ns, Cleanup: 384958 ns, At safepoint: 17208 ns, Total: 1536333 ns
[2024-01-27T22:01:45.719+0000][64][info ][safepoint   ] Safepoint "Cleanup", Time since last: 1004769293 ns, Reaching safepoint: 15666 ns, Cleanup: 97709 ns, At safepoint: 4875 ns, Total: 118250 ns
[2024-01-27T22:01:46.722+0000][64][info ][safepoint   ] Safepoint "Cleanup", Time since last: 1001783917 ns, Reaching safepoint: 731250 ns, Cleanup: 273791 ns, At safepoint: 7334 ns, Total: 1012375 ns
[2024-01-27T22:01:51.736+0000][64][info ][safepoint   ] Safepoint "Cleanup", Time since last: 5011201751 ns, Reaching safepoint: 165875 ns, Cleanup: 117625 ns, At safepoint: 10292 ns, Total: 293792 ns
[2024-01-27T22:01:52.739+0000][64][info ][safepoint   ] Safepoint "Cleanup", Time since last: 1003654834 ns, Reaching safepoint: 24416 ns, Cleanup: 210959 ns, At safepoint: 8291 ns, Total: 243666 ns
[2024-01-27T22:01:54.748+0000][64][info ][safepoint   ] Safepoint "Cleanup", Time since last: 2008631751 ns, Reaching safepoint: 71542 ns, Cleanup: 228917 ns, At safepoint: 17416 ns, Total: 317875 ns
[2024-01-27T22:01:56.755+0000][64][info ][safepoint   ] Safepoint "Cleanup", Time since last: 2006188585 ns, Reaching safepoint: 8333 ns, Cleanup: 159500 ns, At safepoint: 3750 ns, Total: 171583 ns
[2024-01-27T22:01:57.759+0000][64][info ][safepoint   ] Safepoint "Cleanup", Time since last: 1003669375 ns, Reaching safepoint: 45125 ns, Cleanup: 173375 ns, At safepoint: 11667 ns, Total: 230167 ns
[2024-01-27T22:02:01.770+0000][64][info ][safepoint   ] Safepoint "Cleanup", Time since last: 4010597502 ns, Reaching safepoint: 194333 ns, Cleanup: 307709 ns, At safepoint: 14458 ns, Total: 516500 ns
[2024-01-27T22:02:05.798+0000][64][info ][safepoint   ] Safepoint "Cleanup", Time since last: 4014362252 ns, Reaching safepoint: 7535167 ns, Cleanup: 4656250 ns, At safepoint: 13041 ns, Total: 12204458 ns
[2024-01-27T22:02:06.799+0000][64][info ][safepoint   ] Safepoint "Cleanup", Time since last: 1002514417 ns, Reaching safepoint: 51375 ns, Cleanup: 136459 ns, At safepoint: 15125 ns, Total: 202959 ns
[2024-01-27T22:02:08.805+0000][64][info ][safepoint   ] Safepoint "Cleanup", Time since last: 2006000209 ns, Reaching safepoint: 160833 ns, Cleanup: 196250 ns, At safepoint: 22959 ns, Total: 380042 ns
[2024-01-27T22:02:09.818+0000][64][info ][safepoint   ] Safepoint "Cleanup", Time since last: 1007352083 ns, Reaching safepoint: 3445334 ns, Cleanup: 1908083 ns, At safepoint: 11750 ns, Total: 5365167 ns
[2024-01-27T22:02:10.821+0000][64][info ][safepoint   ] Safepoint "Cleanup", Time since last: 1002917084 ns, Reaching safepoint: 57583 ns, Cleanup: 157167 ns, At safepoint: 21083 ns, Total: 235833 ns
[2024-01-27T22:02:12.825+0000][64][info ][safepoint   ] Safepoint "Cleanup", Time since last: 2003460376 ns, Reaching safepoint: 529834 ns, Cleanup: 178041 ns, At safepoint: 22209 ns, Total: 730084 ns
[2024-01-27T22:02:14.832+0000][64][info ][safepoint   ] Safepoint "Cleanup", Time since last: 2005884292 ns, Reaching safepoint: 132459 ns, Cleanup: 264500 ns, At safepoint: 14000 ns, Total: 410959 ns
[2024-01-27T22:02:19.836+0000][64][info ][safepoint   ] Safepoint "Cleanup", Time since last: 5003229127 ns, Reaching safepoint: 380458 ns, Cleanup: 140584 ns, At safepoint: 30708 ns, Total: 551750 ns
[2024-01-27T22:02:22.836+0000][64][info ][safepoint   ] Safepoint "Cleanup", Time since last: 3003195334 ns, Reaching safepoint: 116541 ns, Cleanup: 173625 ns, At safepoint: 11084 ns, Total: 301250 ns
[2024-01-27T22:02:40.898+0000][64][info ][safepoint   ] Safepoint "Cleanup", Time since last: 18061645092 ns, Reaching safepoint: 549125 ns, Cleanup: 268375 ns, At safepoint: 15625 ns, Total: 833125 ns
[2024-01-27T22:02:43.903+0000][64][info ][safepoint   ] Safepoint "Cleanup", Time since last: 3004263751 ns, Reaching safepoint: 57833 ns, Cleanup: 180084 ns, At safepoint: 10208 ns, Total: 248125 ns
[2024-01-27T22:02:52.928+0000][64][info ][safepoint   ] Safepoint "Cleanup", Time since last: 9022176254 ns, Reaching safepoint: 232292 ns, Cleanup: 1163875 ns, At safepoint: 23458 ns, Total: 1419625 ns
[2024-01-27T22:02:53.929+0000][64][info ][safepoint   ] Safepoint "Cleanup", Time since last: 1001389584 ns, Reaching safepoint: 42667 ns, Cleanup: 121416 ns, At safepoint: 11625 ns, Total: 175708 ns
[2024-01-27T22:02:59.937+0000][64][info ][safepoint   ] Safepoint "Cleanup", Time since last: 6007197961 ns, Reaching safepoint: 275125 ns, Cleanup: 152625 ns, At safepoint: 7125 ns, Total: 434875 ns
[2024-01-27T22:03:01.940+0000][64][info ][safepoint   ] Safepoint "Cleanup", Time since last: 2002715751 ns, Reaching safepoint: 113584 ns, Cleanup: 137625 ns, At safepoint: 19208 ns, Total: 270417 ns
[2024-01-27T22:03:02.941+0000][64][info ][safepoint   ] Safepoint "Cleanup", Time since last: 1001208251 ns, Reaching safepoint: 47125 ns, Cleanup: 75375 ns, At safepoint: 8583 ns, Total: 131083 ns
[2024-01-27T22:03:06.955+0000][64][info ][safepoint   ] Safepoint "Cleanup", Time since last: 4013804960 ns, Reaching safepoint: 281958 ns, Cleanup: 162334 ns, At safepoint: 8958 ns, Total: 453250 ns
[2024-01-27T22:03:15.744+0000][64][info ][safepoint   ] Safepoint "Cleanup", Time since last: 8787973546 ns, Reaching safepoint: 21250 ns, Cleanup: 206208 ns, At safepoint: 8500 ns, Total: 235958 ns
[2024-01-27T22:03:16.758+0000][64][info ][safepoint   ] Safepoint "Cleanup", Time since last: 1014101167 ns, Reaching safepoint: 75125 ns, Cleanup: 128917 ns, At safepoint: 6042 ns, Total: 210084 ns
[2024-01-27T22:03:18.762+0000][64][info ][safepoint   ] Safepoint "Cleanup", Time since last: 2002919834 ns, Reaching safepoint: 169250 ns, Cleanup: 509542 ns, At safepoint: 15875 ns, Total: 694667 ns
[2024-01-27T22:03:19.764+0000][64][info ][safepoint   ] Safepoint "Cleanup", Time since last: 1001599334 ns, Reaching safepoint: 167125 ns, Cleanup: 172833 ns, At safepoint: 15667 ns, Total: 355625 ns
[2024-01-27T22:03:22.773+0000][64][info ][safepoint   ] Safepoint "Cleanup", Time since last: 3007217250 ns, Reaching safepoint: 429959 ns, Cleanup: 231500 ns, At safepoint: 14916 ns, Total: 676375 ns
[2024-01-27T22:03:27.801+0000][64][info ][safepoint   ] Safepoint "Cleanup", Time since last: 5026657003 ns, Reaching safepoint: 420875 ns, Cleanup: 636750 ns, At safepoint: 14333 ns, Total: 1071958 ns
[2024-01-27T22:03:28.803+0000][64][info ][safepoint   ] Safepoint "Cleanup", Time since last: 1001980501 ns, Reaching safepoint: 109875 ns, Cleanup: 196458 ns, At safepoint: 38417 ns, Total: 344750 ns
[2024-01-27T22:03:47.840+0000][64][info ][safepoint   ] Safepoint "Cleanup", Time since last: 19035493884 ns, Reaching safepoint: 495375 ns, Cleanup: 492333 ns, At safepoint: 23583 ns, Total: 1011291 ns
[2024-01-27T22:03:49.841+0000][64][info ][safepoint   ] Safepoint "Cleanup", Time since last: 2001777585 ns, Reaching safepoint: 51125 ns, Cleanup: 110958 ns, At safepoint: 6750 ns, Total: 168833 ns
[2024-01-27T22:03:51.843+0000][64][info ][safepoint   ] Safepoint "Cleanup", Time since last: 2001900584 ns, Reaching safepoint: 629125 ns, Cleanup: 435583 ns, At safepoint: 67167 ns, Total: 1131875 ns
[2024-01-27T22:03:52.845+0000][64][info ][safepoint   ] Safepoint "Cleanup", Time since last: 1001958500 ns, Reaching safepoint: 46625 ns, Cleanup: 181584 ns, At safepoint: 13791 ns, Total: 242000 ns
[2024-01-27T22:03:54.851+0000][64][info ][safepoint   ] Safepoint "Cleanup", Time since last: 2005715668 ns, Reaching safepoint: 61875 ns, Cleanup: 164958 ns, At safepoint: 11292 ns, Total: 238125 ns
[2024-01-27T22:04:16.898+0000][64][info ][safepoint   ] Safepoint "Cleanup", Time since last: 22046253010 ns, Reaching safepoint: 337042 ns, Cleanup: 133375 ns, At safepoint: 4958 ns, Total: 475375 ns
[2024-01-27T22:04:21.913+0000][64][info ][safepoint   ] Safepoint "Cleanup", Time since last: 5014482252 ns, Reaching safepoint: 225959 ns, Cleanup: 181500 ns, At safepoint: 19125 ns, Total: 426584 ns
[2024-01-27T22:04:22.914+0000][64][info ][safepoint   ] Safepoint "Cleanup", Time since last: 1001001875 ns, Reaching safepoint: 120958 ns, Cleanup: 372042 ns, At safepoint: 10708 ns, Total: 503708 ns
[2024-01-27T22:04:25.924+0000][64][info ][safepoint   ] Safepoint "Cleanup", Time since last: 3008637918 ns, Reaching safepoint: 370084 ns, Cleanup: 362041 ns, At safepoint: 12792 ns, Total: 744917 ns
[2024-01-27T22:04:35.948+0000][64][info ][safepoint   ] Safepoint "Cleanup", Time since last: 10023735797 ns, Reaching safepoint: 375083 ns, Cleanup: 388792 ns, At safepoint: 12750 ns, Total: 776625 ns
[2024-01-27T22:04:45.986+0000][64][info ][safepoint   ] Safepoint "Cleanup", Time since last: 10036822213 ns, Reaching safepoint: 1019166 ns, Cleanup: 317625 ns, At safepoint: 15584 ns, Total: 1352375 ns
[2024-01-27T22:05:22.054+0000][64][info ][safepoint   ] Safepoint "Cleanup", Time since last: 36066518849 ns, Reaching safepoint: 1878959 ns, Cleanup: 140541 ns, At safepoint: 15542 ns, Total: 2035042 ns
[2024-01-27T22:05:25.062+0000][64][info ][safepoint   ] Safepoint "Cleanup", Time since last: 3007534043 ns, Reaching safepoint: 89250 ns, Cleanup: 309667 ns, At safepoint: 14000 ns, Total: 412917 ns
[2024-01-27T22:05:39.098+0000][64][info ][safepoint   ] Safepoint "Cleanup", Time since last: 14035066423 ns, Reaching safepoint: 336208 ns, Cleanup: 295667 ns, At safepoint: 34583 ns, Total: 666458 ns
[2024-01-27T22:05:40.102+0000][64][info ][safepoint   ] Safepoint "Cleanup", Time since last: 1003245293 ns, Reaching safepoint: 129291 ns, Cleanup: 258750 ns, At safepoint: 21625 ns, Total: 409666 ns
[2024-01-27T22:06:03.164+0000][64][info ][safepoint   ] Safepoint "Cleanup", Time since last: 23061938594 ns, Reaching safepoint: 394334 ns, Cleanup: 136791 ns, At safepoint: 4667 ns, Total: 535792 ns
[2024-01-27T22:06:04.167+0000][64][info ][safepoint   ] Safepoint "Cleanup", Time since last: 1002265959 ns, Reaching safepoint: 47458 ns, Cleanup: 241417 ns, At safepoint: 16750 ns, Total: 305625 ns
[2024-01-27T22:06:12.189+0000][64][info ][safepoint   ] Safepoint "Cleanup", Time since last: 8020534462 ns, Reaching safepoint: 930792 ns, Cleanup: 239708 ns, At safepoint: 14500 ns, Total: 1185000 ns
[2024-01-27T22:06:15.201+0000][64][info ][safepoint   ] Safepoint "Cleanup", Time since last: 3011365876 ns, Reaching safepoint: 377042 ns, Cleanup: 219917 ns, At safepoint: 41250 ns, Total: 638209 ns
[2024-01-27T22:06:25.219+0000][64][info ][safepoint   ] Safepoint "Cleanup", Time since last: 10018391629 ns, Reaching safepoint: 391791 ns, Cleanup: 547417 ns, At safepoint: 35625 ns, Total: 974833 ns
[2024-01-27T22:06:52.297+0000][64][info ][safepoint   ] Safepoint "Cleanup", Time since last: 27075319429 ns, Reaching safepoint: 2330958 ns, Cleanup: 503167 ns, At safepoint: 25875 ns, Total: 2860000 ns
[2024-01-27T22:07:08.320+0000][64][info ][safepoint   ] Safepoint "Cleanup", Time since last: 16021952924 ns, Reaching safepoint: 440292 ns, Cleanup: 372083 ns, At safepoint: 12542 ns, Total: 824917 ns
[2024-01-27T22:07:22.354+0000][64][info ][safepoint   ] Safepoint "Cleanup", Time since last: 14032525965 ns, Reaching safepoint: 338583 ns, Cleanup: 346833 ns, At safepoint: 13834 ns, Total: 699250 ns
[2024-01-27T22:07:48.429+0000][64][info ][safepoint   ] Safepoint "Cleanup", Time since last: 26073943679 ns, Reaching safepoint: 878083 ns, Cleanup: 489042 ns, At safepoint: 13667 ns, Total: 1380792 ns
[2024-01-27T22:07:57.461+0000][64][info ][safepoint   ] Safepoint "Cleanup", Time since last: 9030358629 ns, Reaching safepoint: 635875 ns, Cleanup: 379250 ns, At safepoint: 16500 ns, Total: 1031625 ns
[2024-01-27T22:08:52.581+0000][64][info ][safepoint   ] Safepoint "Cleanup", Time since last: 55120041775 ns, Reaching safepoint: 431125 ns, Cleanup: 251417 ns, At safepoint: 21292 ns, Total: 703834 ns
[2024-01-27T22:08:58.599+0000][64][info ][safepoint   ] Safepoint "Cleanup", Time since last: 6017713169 ns, Reaching safepoint: 182917 ns, Cleanup: 208541 ns, At safepoint: 4584 ns, Total: 396042 ns
[2024-01-27T22:09:04.621+0000][64][info ][safepoint   ] Safepoint "Cleanup", Time since last: 6020024128 ns, Reaching safepoint: 663958 ns, Cleanup: 294750 ns, At safepoint: 1262708 ns, Total: 2221416 ns
[2024-01-27T22:09:41.693+0000][64][info ][safepoint   ] Safepoint "Cleanup", Time since last: 37070168768 ns, Reaching safepoint: 849541 ns, Cleanup: 455959 ns, At safepoint: 27958 ns, Total: 1333458 ns
[2024-01-27T22:09:51.728+0000][64][info ][safepoint   ] Safepoint "Cleanup", Time since last: 10035316504 ns, Reaching safepoint: 173875 ns, Cleanup: 149250 ns, At safepoint: 26083 ns, Total: 349208 ns
[2024-01-27T22:09:52.730+0000][64][info ][safepoint   ] Safepoint "Cleanup", Time since last: 1001695876 ns, Reaching safepoint: 56583 ns, Cleanup: 218000 ns, At safepoint: 15125 ns, Total: 289708 ns
[2024-01-27T22:09:53.738+0000][64][info ][safepoint   ] Safepoint "Cleanup", Time since last: 1006311417 ns, Reaching safepoint: 67000 ns, Cleanup: 1263709 ns, At safepoint: 19291 ns, Total: 1350000 ns
[2024-01-27T22:09:56.749+0000][64][info ][safepoint   ] Safepoint "Cleanup", Time since last: 3010532335 ns, Reaching safepoint: 59584 ns, Cleanup: 189000 ns, At safepoint: 16750 ns, Total: 265334 ns
[2024-01-27T22:10:10.791+0000][64][info ][safepoint   ] Safepoint "Cleanup", Time since last: 14041189340 ns, Reaching safepoint: 944416 ns, Cleanup: 342459 ns, At safepoint: 26500 ns, Total: 1313375 ns
[2024-01-27T22:10:20.815+0000][64][info ][safepoint   ] Safepoint "Cleanup", Time since last: 10023004337 ns, Reaching safepoint: 330167 ns, Cleanup: 396708 ns, At safepoint: 33458 ns, Total: 760333 ns
[2024-01-27T22:10:22.821+0000][64][info ][safepoint   ] Safepoint "Cleanup", Time since last: 2005747376 ns, Reaching safepoint: 56250 ns, Cleanup: 244709 ns, At safepoint: 15750 ns, Total: 316709 ns
[2024-01-27T22:10:26.831+0000][64][info ][safepoint   ] Safepoint "Cleanup", Time since last: 4009189168 ns, Reaching safepoint: 52000 ns, Cleanup: 346584 ns, At safepoint: 14500 ns, Total: 413084 ns
[2024-01-27T22:10:31.840+0000][64][info ][safepoint   ] Safepoint "Cleanup", Time since last: 5008413419 ns, Reaching safepoint: 941666 ns, Cleanup: 352459 ns, At safepoint: 80000 ns, Total: 1374125 ns
[2024-01-27T22:10:52.879+0000][64][info ][safepoint   ] Safepoint "Cleanup", Time since last: 21037567634 ns, Reaching safepoint: 638584 ns, Cleanup: 367208 ns, At safepoint: 15917 ns, Total: 1021709 ns
[2024-01-27T22:10:58.893+0000][64][info ][safepoint   ] Safepoint "Cleanup", Time since last: 6013601669 ns, Reaching safepoint: 90542 ns, Cleanup: 257542 ns, At safepoint: 29333 ns, Total: 377417 ns
[2024-01-27T22:11:22.958+0000][64][info ][safepoint   ] Safepoint "Cleanup", Time since last: 24064977219 ns, Reaching safepoint: 373333 ns, Cleanup: 391542 ns, At safepoint: 18083 ns, Total: 782958 ns
[2024-01-27T22:11:23.962+0000][64][info ][safepoint   ] Safepoint "Cleanup", Time since last: 1003095126 ns, Reaching safepoint: 63625 ns, Cleanup: 203500 ns, At safepoint: 11958 ns, Total: 279083 ns
[2024-01-27T22:11:24.968+0000][64][info ][safepoint   ] Safepoint "Cleanup", Time since last: 1006007834 ns, Reaching safepoint: 121625 ns, Cleanup: 181083 ns, At safepoint: 10958 ns, Total: 313666 ns
[2024-01-27T22:11:36.000+0000][64][info ][safepoint   ] Safepoint "Cleanup", Time since last: 11030216881 ns, Reaching safepoint: 1170750 ns, Cleanup: 381791 ns, At safepoint: 32625 ns, Total: 1585166 ns
[2024-01-27T22:11:57.043+0000][64][info ][safepoint   ] Safepoint "Cleanup", Time since last: 21042460051 ns, Reaching safepoint: 215209 ns, Cleanup: 160083 ns, At safepoint: 4375 ns, Total: 379667 ns
[2024-01-27T22:12:23.091+0000][64][info ][safepoint   ] Safepoint "Cleanup", Time since last: 26047806637 ns, Reaching safepoint: 398708 ns, Cleanup: 356917 ns, At safepoint: 38458 ns, Total: 794083 ns
[2024-01-27T22:12:24.095+0000][64][info ][safepoint   ] Safepoint "Cleanup", Time since last: 1003601251 ns, Reaching safepoint: 172416 ns, Cleanup: 214542 ns, At safepoint: 31125 ns, Total: 418083 ns
[2024-01-27T22:12:53.159+0000][64][info ][safepoint   ] Safepoint "Cleanup", Time since last: 29062864472 ns, Reaching safepoint: 233500 ns, Cleanup: 186875 ns, At safepoint: 5916 ns, Total: 426291 ns
[2024-01-27T22:12:55.168+0000][64][info ][safepoint   ] Safepoint "Cleanup", Time since last: 2008822918 ns, Reaching safepoint: 249292 ns, Cleanup: 179208 ns, At safepoint: 30917 ns, Total: 459417 ns
[2024-01-27T22:13:23.236+0000][64][info ][safepoint   ] Safepoint "Cleanup", Time since last: 28064361846 ns, Reaching safepoint: 600500 ns, Cleanup: 1894666 ns, At safepoint: 17625 ns, Total: 2512791 ns
[2024-01-27T22:13:25.242+0000][64][info ][safepoint   ] Safepoint "Cleanup", Time since last: 2006097668 ns, Reaching safepoint: 324875 ns, Cleanup: 284083 ns, At safepoint: 14375 ns, Total: 623333 ns
[2024-01-27T22:13:26.247+0000][64][info ][safepoint   ] Safepoint "Cleanup", Time since last: 1004017168 ns, Reaching safepoint: 110666 ns, Cleanup: 151417 ns, At safepoint: 11500 ns, Total: 273583 ns
[2024-01-27T22:13:29.257+0000][64][info ][safepoint   ] Safepoint "Cleanup", Time since last: 3010302460 ns, Reaching safepoint: 60500 ns, Cleanup: 139083 ns, At safepoint: 9917 ns, Total: 209500 ns
[2024-01-27T22:13:30.261+0000][64][info ][safepoint   ] Safepoint "Cleanup", Time since last: 1003193042 ns, Reaching safepoint: 745333 ns, Cleanup: 217458 ns, At safepoint: 54000 ns, Total: 1016791 ns
[2024-01-27T22:14:08.349+0000][64][info ][safepoint   ] Safepoint "Cleanup", Time since last: 38088676643 ns, Reaching safepoint: 311750 ns, Cleanup: 307542 ns, At safepoint: 10708 ns, Total: 630000 ns
[2024-01-27T22:14:23.394+0000][64][info ][safepoint   ] Safepoint "Cleanup", Time since last: 15043423882 ns, Reaching safepoint: 520666 ns, Cleanup: 395834 ns, At safepoint: 14250 ns, Total: 930750 ns
[2024-01-27T22:14:30.417+0000][64][info ][safepoint   ] Safepoint "Cleanup", Time since last: 7022566545 ns, Reaching safepoint: 61291 ns, Cleanup: 127959 ns, At safepoint: 9375 ns, Total: 198625 ns
[2024-01-27T22:14:52.469+0000][64][info ][safepoint   ] Safepoint "Cleanup", Time since last: 22050970551 ns, Reaching safepoint: 819125 ns, Cleanup: 323125 ns, At safepoint: 60625 ns, Total: 1202875 ns
[2024-01-27T22:14:53.475+0000][64][info ][safepoint   ] Safepoint "Cleanup", Time since last: 1005918292 ns, Reaching safepoint: 60250 ns, Cleanup: 275917 ns, At safepoint: 14708 ns, Total: 350875 ns
[2024-01-27T22:15:19.544+0000][64][info ][safepoint   ] Safepoint "Cleanup", Time since last: 26064428763 ns, Reaching safepoint: 2293458 ns, Cleanup: 2254292 ns, At safepoint: 14000 ns, Total: 4561750 ns
[2024-01-27T22:15:20.552+0000][64][info ][safepoint   ] Safepoint "Cleanup", Time since last: 1008410958 ns, Reaching safepoint: 54917 ns, Cleanup: 94208 ns, At safepoint: 7209 ns, Total: 156334 ns
[2024-01-27T22:15:21.554+0000][64][info ][safepoint   ] Safepoint "Cleanup", Time since last: 1001199750 ns, Reaching safepoint: 149000 ns, Cleanup: 122000 ns, At safepoint: 10833 ns, Total: 281833 ns
[2024-01-27T22:15:22.555+0000][64][info ][safepoint   ] Safepoint "Cleanup", Time since last: 1000983626 ns, Reaching safepoint: 167166 ns, Cleanup: 189125 ns, At safepoint: 39750 ns, Total: 396041 ns
[2024-01-27T22:15:23.562+0000][64][info ][safepoint   ] Safepoint "Cleanup", Time since last: 1005808959 ns, Reaching safepoint: 641334 ns, Cleanup: 648875 ns, At safepoint: 46791 ns, Total: 1337000 ns
[2024-01-27T22:16:22.700+0000][64][info ][safepoint   ] Safepoint "Cleanup", Time since last: 59136437694 ns, Reaching safepoint: 722791 ns, Cleanup: 201042 ns, At safepoint: 10625 ns, Total: 934458 ns
[2024-01-27T22:16:52.785+0000][64][info ][safepoint   ] Safepoint "Cleanup", Time since last: 30079333430 ns, Reaching safepoint: 2665417 ns, Cleanup: 765125 ns, At safepoint: 6667 ns, Total: 3437209 ns
[2024-01-27T22:16:53.788+0000][64][info ][safepoint   ] Safepoint "Cleanup", Time since last: 1003838208 ns, Reaching safepoint: 527875 ns, Cleanup: 213625 ns, At safepoint: 13375 ns, Total: 754875 ns
[2024-01-27T22:17:22.834+0000][64][info ][safepoint   ] Safepoint "Cleanup", Time since last: 29045704055 ns, Reaching safepoint: 294375 ns, Cleanup: 340417 ns, At safepoint: 44417 ns, Total: 679209 ns
[2024-01-27T22:17:48.887+0000][64][info ][safepoint   ] Safepoint "Cleanup", Time since last: 26052150429 ns, Reaching safepoint: 1361875 ns, Cleanup: 107333 ns, At safepoint: 15667 ns, Total: 1484875 ns
[2024-01-27T22:17:50.890+0000][64][info ][safepoint   ] Safepoint "Cleanup", Time since last: 2001801291 ns, Reaching safepoint: 89125 ns, Cleanup: 285000 ns, At safepoint: 10000 ns, Total: 384125 ns
[2024-01-27T22:17:51.896+0000][64][info ][safepoint   ] Safepoint "Cleanup", Time since last: 1006026001 ns, Reaching safepoint: 42166 ns, Cleanup: 274500 ns, At safepoint: 10500 ns, Total: 327166 ns
[2024-01-27T22:17:52.898+0000][64][info ][safepoint   ] Safepoint "Cleanup", Time since last: 1002130668 ns, Reaching safepoint: 41916 ns, Cleanup: 184667 ns, At safepoint: 11833 ns, Total: 238416 ns
[2024-01-27T22:17:53.902+0000][64][info ][safepoint   ] Safepoint "Cleanup", Time since last: 1003245834 ns, Reaching safepoint: 57292 ns, Cleanup: 231833 ns, At safepoint: 12417 ns, Total: 301542 ns
[2024-01-27T22:17:54.904+0000][64][info ][safepoint   ] Safepoint "Cleanup", Time since last: 1001500459 ns, Reaching safepoint: 56875 ns, Cleanup: 441208 ns, At safepoint: 13500 ns, Total: 511583 ns
[2024-01-27T22:17:55.911+0000][64][info ][safepoint   ] Safepoint "Cleanup", Time since last: 1006894709 ns, Reaching safepoint: 46333 ns, Cleanup: 160375 ns, At safepoint: 15417 ns, Total: 222125 ns
[2024-01-27T22:17:56.917+0000][64][info ][safepoint   ] Safepoint "Cleanup", Time since last: 1005260959 ns, Reaching safepoint: 726500 ns, Cleanup: 415416 ns, At safepoint: 11834 ns, Total: 1153750 ns
[2024-01-27T22:17:57.922+0000][64][info ][safepoint   ] Safepoint "Cleanup", Time since last: 1003550458 ns, Reaching safepoint: 151625 ns, Cleanup: 582917 ns, At safepoint: 35417 ns, Total: 769959 ns
[2024-01-27T22:17:58.923+0000][64][info ][safepoint   ] Safepoint "Cleanup", Time since last: 1001190958 ns, Reaching safepoint: 145584 ns, Cleanup: 126208 ns, At safepoint: 5208 ns, Total: 277000 ns
[2024-01-27T22:17:59.925+0000][64][info ][safepoint   ] Safepoint "Cleanup", Time since last: 1001634209 ns, Reaching safepoint: 68667 ns, Cleanup: 300083 ns, At safepoint: 14459 ns, Total: 383209 ns
[2024-01-27T22:18:00.927+0000][64][info ][safepoint   ] Safepoint "Cleanup", Time since last: 1001363000 ns, Reaching safepoint: 21750 ns, Cleanup: 246042 ns, At safepoint: 7750 ns, Total: 275542 ns
[2024-01-27T22:18:01.929+0000][64][info ][safepoint   ] Safepoint "Cleanup", Time since last: 1001778417 ns, Reaching safepoint: 125250 ns, Cleanup: 300458 ns, At safepoint: 22417 ns, Total: 448125 ns
[2024-01-27T22:18:03.040+0000][64][info ][safepoint   ] Safepoint "Cleanup", Time since last: 1110490000 ns, Reaching safepoint: 134542 ns, Cleanup: 137417 ns, At safepoint: 18083 ns, Total: 290042 ns
[2024-01-27T22:18:04.044+0000][64][info ][safepoint   ] Safepoint "Cleanup", Time since last: 1003531542 ns, Reaching safepoint: 471334 ns, Cleanup: 113166 ns, At safepoint: 16500 ns, Total: 601000 ns
[2024-01-27T22:18:05.045+0000][64][info ][safepoint   ] Safepoint "Cleanup", Time since last: 1000621792 ns, Reaching safepoint: 403917 ns, Cleanup: 81333 ns, At safepoint: 20125 ns, Total: 505375 ns
[2024-01-27T22:18:06.046+0000][64][info ][safepoint   ] Safepoint "Cleanup", Time since last: 1000738251 ns, Reaching safepoint: 96792 ns, Cleanup: 103125 ns, At safepoint: 14416 ns, Total: 214333 ns
[2024-01-27T22:18:07.047+0000][64][info ][safepoint   ] Safepoint "Cleanup", Time since last: 1001030459 ns, Reaching safepoint: 155083 ns, Cleanup: 177875 ns, At safepoint: 25417 ns, Total: 358375 ns
[2024-01-27T22:18:08.051+0000][64][info ][safepoint   ] Safepoint "Cleanup", Time since last: 1003290542 ns, Reaching safepoint: 101292 ns, Cleanup: 442625 ns, At safepoint: 11208 ns, Total: 555125 ns
[2024-01-27T22:18:09.053+0000][64][info ][safepoint   ] Safepoint "Cleanup", Time since last: 1002080126 ns, Reaching safepoint: 10833 ns, Cleanup: 94792 ns, At safepoint: 6916 ns, Total: 112541 ns
[2024-01-27T22:18:10.054+0000][64][info ][safepoint   ] Safepoint "Cleanup", Time since last: 1000512542 ns, Reaching safepoint: 14042 ns, Cleanup: 116417 ns, At safepoint: 7625 ns, Total: 138084 ns
[2024-01-27T22:18:11.060+0000][64][info ][safepoint   ] Safepoint "Cleanup", Time since last: 1005390792 ns, Reaching safepoint: 233458 ns, Cleanup: 275042 ns, At safepoint: 11750 ns, Total: 520250 ns
[2024-01-27T22:18:12.061+0000][64][info ][safepoint   ] Safepoint "Cleanup", Time since last: 1001047000 ns, Reaching safepoint: 254292 ns, Cleanup: 120667 ns, At safepoint: 22333 ns, Total: 397292 ns
[2024-01-27T22:18:13.062+0000][64][info ][safepoint   ] Safepoint "Cleanup", Time since last: 1000923251 ns, Reaching safepoint: 8125 ns, Cleanup: 70041 ns, At safepoint: 3334 ns, Total: 81500 ns
[2024-01-27T22:18:14.064+0000][64][info ][safepoint   ] Safepoint "Cleanup", Time since last: 1000805333 ns, Reaching safepoint: 108584 ns, Cleanup: 114250 ns, At safepoint: 4541 ns, Total: 227375 ns
[2024-01-27T22:18:15.064+0000][64][info ][safepoint   ] Safepoint "Cleanup", Time since last: 1000565168 ns, Reaching safepoint: 13541 ns, Cleanup: 55084 ns, At safepoint: 22125 ns, Total: 90750 ns
[2024-01-27T22:18:16.065+0000][64][info ][safepoint   ] Safepoint "Cleanup", Time since last: 1000811208 ns, Reaching safepoint: 130250 ns, Cleanup: 81584 ns, At safepoint: 15583 ns, Total: 227417 ns
[2024-01-27T22:18:17.067+0000][64][info ][safepoint   ] Safepoint "Cleanup", Time since last: 1001836500 ns, Reaching safepoint: 6834 ns, Cleanup: 58291 ns, At safepoint: 3959 ns, Total: 69084 ns
[2024-01-27T22:18:18.068+0000][64][info ][safepoint   ] Safepoint "Cleanup", Time since last: 1000350917 ns, Reaching safepoint: 31667 ns, Cleanup: 48125 ns, At safepoint: 8833 ns, Total: 88625 ns
[2024-01-27T22:18:19.070+0000][64][info ][safepoint   ] Safepoint "Cleanup", Time since last: 1002492167 ns, Reaching safepoint: 186667 ns, Cleanup: 182958 ns, At safepoint: 5292 ns, Total: 374917 ns
[2024-01-27T22:18:20.073+0000][64][info ][safepoint   ] Safepoint "Cleanup", Time since last: 1001509792 ns, Reaching safepoint: 334958 ns, Cleanup: 559917 ns, At safepoint: 19458 ns, Total: 914333 ns
[2024-01-27T22:18:21.076+0000][64][info ][safepoint   ] Safepoint "Cleanup", Time since last: 1002578250 ns, Reaching safepoint: 97750 ns, Cleanup: 233166 ns, At safepoint: 11209 ns, Total: 342125 ns
[2024-01-27T22:18:22.077+0000][64][info ][safepoint   ] Safepoint "Cleanup", Time since last: 1000874000 ns, Reaching safepoint: 78584 ns, Cleanup: 75791 ns, At safepoint: 6250 ns, Total: 160625 ns
[2024-01-27T22:18:23.078+0000][64][info ][safepoint   ] Safepoint "Cleanup", Time since last: 1000988501 ns, Reaching safepoint: 87958 ns, Cleanup: 503625 ns, At safepoint: 8042 ns, Total: 599625 ns
[2024-01-27T22:18:24.080+0000][64][info ][safepoint   ] Safepoint "Cleanup", Time since last: 1001931125 ns, Reaching safepoint: 8417 ns, Cleanup: 99417 ns, At safepoint: 7791 ns, Total: 115625 ns
[2024-01-27T22:18:25.082+0000][64][info ][safepoint   ] Safepoint "Cleanup", Time since last: 1000802501 ns, Reaching safepoint: 373500 ns, Cleanup: 333750 ns, At safepoint: 11625 ns, Total: 718875 ns
[2024-01-27T22:18:31.093+0000][64][info ][safepoint   ] Safepoint "Cleanup", Time since last: 6010092086 ns, Reaching safepoint: 408583 ns, Cleanup: 268667 ns, At safepoint: 19417 ns, Total: 696667 ns
[2024-01-27T22:18:33.097+0000][64][info ][safepoint   ] Safepoint "Cleanup", Time since last: 2004109292 ns, Reaching safepoint: 295292 ns, Cleanup: 276333 ns, At safepoint: 23042 ns, Total: 594667 ns
[2024-01-27T22:18:47.129+0000][64][info ][safepoint   ] Safepoint "Cleanup", Time since last: 14031316631 ns, Reaching safepoint: 446375 ns, Cleanup: 115542 ns, At safepoint: 4333 ns, Total: 566250 ns
[2024-01-27T22:18:53.145+0000][64][info ][safepoint   ] Safepoint "Cleanup", Time since last: 6016268294 ns, Reaching safepoint: 117959 ns, Cleanup: 183541 ns, At safepoint: 12667 ns, Total: 314167 ns
[2024-01-27T22:19:53.266+0000][64][info ][safepoint   ] Safepoint "Cleanup", Time since last: 60119658111 ns, Reaching safepoint: 679917 ns, Cleanup: 506500 ns, At safepoint: 29583 ns, Total: 1216000 ns
[2024-01-27T22:19:55.271+0000][64][info ][safepoint   ] Safepoint "Cleanup", Time since last: 2004565959 ns, Reaching safepoint: 65292 ns, Cleanup: 223708 ns, At safepoint: 78459 ns, Total: 367459 ns
[2024-01-27T22:20:17.328+0000][64][info ][safepoint   ] Safepoint "Cleanup", Time since last: 22056839719 ns, Reaching safepoint: 464750 ns, Cleanup: 170666 ns, At safepoint: 5417 ns, Total: 640833 ns
[2024-01-27T22:21:21.482+0000][64][info ][safepoint   ] Safepoint "Cleanup", Time since last: 64153162070 ns, Reaching safepoint: 665292 ns, Cleanup: 209292 ns, At safepoint: 7208 ns, Total: 881792 ns
[2024-01-27T22:21:22.486+0000][64][info ][safepoint   ] Safepoint "Cleanup", Time since last: 1003614584 ns, Reaching safepoint: 41458 ns, Cleanup: 293208 ns, At safepoint: 16459 ns, Total: 351125 ns
[2024-01-27T22:21:25.492+0000][64][info ][safepoint   ] Safepoint "Cleanup", Time since last: 3005379709 ns, Reaching safepoint: 52959 ns, Cleanup: 273916 ns, At safepoint: 15250 ns, Total: 342125 ns
[2024-01-27T22:22:22.605+0000][64][info ][safepoint   ] Safepoint "Cleanup", Time since last: 57113449860 ns, Reaching safepoint: 406041 ns, Cleanup: 266292 ns, At safepoint: 11417 ns, Total: 683750 ns
[2024-01-27T22:22:45.667+0000][64][info ][safepoint   ] Safepoint "Cleanup", Time since last: 23059464927 ns, Reaching safepoint: 1093417 ns, Cleanup: 467250 ns, At safepoint: 110417 ns, Total: 1671084 ns
[2024-01-27T22:23:22.740+0000][64][info ][safepoint   ] Safepoint "Cleanup", Time since last: 37071956850 ns, Reaching safepoint: 1105166 ns, Cleanup: 191250 ns, At safepoint: 10334 ns, Total: 1306750 ns
[2024-01-27T22:23:48.797+0000][64][info ][safepoint   ] Safepoint "Cleanup", Time since last: 26056972887 ns, Reaching safepoint: 535292 ns, Cleanup: 187417 ns, At safepoint: 7500 ns, Total: 730209 ns
[2024-01-27T22:23:52.805+0000][64][info ][safepoint   ] Safepoint "Cleanup", Time since last: 4007520834 ns, Reaching safepoint: 29125 ns, Cleanup: 213167 ns, At safepoint: 18916 ns, Total: 261208 ns
[2024-01-27T22:24:23.881+0000][64][info ][safepoint   ] Safepoint "Cleanup", Time since last: 31075194056 ns, Reaching safepoint: 262292 ns, Cleanup: 160333 ns, At safepoint: 6542 ns, Total: 429167 ns
[2024-01-27T22:24:41.926+0000][64][info ][safepoint   ] Safepoint "Cleanup", Time since last: 18043388258 ns, Reaching safepoint: 575584 ns, Cleanup: 770583 ns, At safepoint: 16625 ns, Total: 1362792 ns
[2024-01-27T22:24:50.949+0000][64][info ][safepoint   ] Safepoint "Cleanup", Time since last: 9022844421 ns, Reaching safepoint: 269375 ns, Cleanup: 350875 ns, At safepoint: 68125 ns, Total: 688375 ns
[2024-01-27T22:24:53.961+0000][64][info ][safepoint   ] Safepoint "Cleanup", Time since last: 3011678293 ns, Reaching safepoint: 279541 ns, Cleanup: 223959 ns, At safepoint: 12875 ns, Total: 516375 ns
[2024-01-27T22:24:54.962+0000][64][info ][safepoint   ] Safepoint "Cleanup", Time since last: 1001145334 ns, Reaching safepoint: 42041 ns, Cleanup: 149667 ns, At safepoint: 11292 ns, Total: 203000 ns
[2024-01-27T22:25:23.018+0000][64][info ][safepoint   ] Safepoint "Cleanup", Time since last: 28053593013 ns, Reaching safepoint: 580125 ns, Cleanup: 335416 ns, At safepoint: 123959 ns, Total: 1039500 ns
[2024-01-27T22:25:53.088+0000][64][info ][safepoint   ] Safepoint "Cleanup", Time since last: 30070385430 ns, Reaching safepoint: 607625 ns, Cleanup: 383625 ns, At safepoint: 10792 ns, Total: 1002042 ns
[2024-01-27T22:25:54.091+0000][64][info ][safepoint   ] Safepoint "Cleanup", Time since last: 1002503750 ns, Reaching safepoint: 68792 ns, Cleanup: 179208 ns, At safepoint: 10292 ns, Total: 258292 ns
[2024-01-27T22:26:01.105+0000][64][info ][safepoint   ] Safepoint "Cleanup", Time since last: 7012542878 ns, Reaching safepoint: 651459 ns, Cleanup: 470875 ns, At safepoint: 13416 ns, Total: 1135750 ns
[2024-01-27T22:26:22.172+0000][64][info ][safepoint   ] Safepoint "Cleanup", Time since last: 21065978885 ns, Reaching safepoint: 604708 ns, Cleanup: 339625 ns, At safepoint: 194042 ns, Total: 1138375 ns
[2024-01-27T22:26:23.176+0000][64][info ][safepoint   ] Safepoint "Cleanup", Time since last: 1004512709 ns, Reaching safepoint: 36625 ns, Cleanup: 66166 ns, At safepoint: 4084 ns, Total: 106875 ns
[2024-01-27T22:26:29.187+0000][64][info ][safepoint   ] Safepoint "Cleanup", Time since last: 6009372586 ns, Reaching safepoint: 811833 ns, Cleanup: 467875 ns, At safepoint: 20584 ns, Total: 1300292 ns
[2024-01-27T22:27:23.334+0000][64][info ][safepoint   ] Safepoint "Cleanup", Time since last: 54135939108 ns, Reaching safepoint: 885625 ns, Cleanup: 9843917 ns, At safepoint: 15500 ns, Total: 10745042 ns
[2024-01-27T22:27:53.399+0000][64][info ][safepoint   ] Safepoint "Cleanup", Time since last: 30063628555 ns, Reaching safepoint: 904333 ns, Cleanup: 366917 ns, At safepoint: 14542 ns, Total: 1285792 ns
[2024-01-27T22:28:23.473+0000][64][info ][safepoint   ] Safepoint "Cleanup", Time since last: 30073600013 ns, Reaching safepoint: 666292 ns, Cleanup: 255833 ns, At safepoint: 14375 ns, Total: 936500 ns
[2024-01-27T22:28:53.540+0000][64][info ][safepoint   ] Safepoint "Cleanup", Time since last: 30065191056 ns, Reaching safepoint: 568250 ns, Cleanup: 438416 ns, At safepoint: 69917 ns, Total: 1076583 ns
[2024-01-27T22:29:23.620+0000][64][info ][safepoint   ] Safepoint "Cleanup", Time since last: 30080199306 ns, Reaching safepoint: 589417 ns, Cleanup: 419250 ns, At safepoint: 17875 ns, Total: 1026542 ns
[2024-01-27T22:29:30.642+0000][64][info ][safepoint   ] Safepoint "Cleanup", Time since last: 7020945003 ns, Reaching safepoint: 678167 ns, Cleanup: 283250 ns, At safepoint: 97291 ns, Total: 1058708 ns
[2024-01-27T22:31:02.867+0000][64][info ][safepoint   ] Safepoint "Cleanup", Time since last: 92224197000 ns, Reaching safepoint: 832042 ns, Cleanup: 364958 ns, At safepoint: 47625 ns, Total: 1244625 ns
[2024-01-27T22:31:17.902+0000][64][info ][safepoint   ] Safepoint "Cleanup", Time since last: 15034623882 ns, Reaching safepoint: 49000 ns, Cleanup: 161292 ns, At safepoint: 17292 ns, Total: 227584 ns
[2024-01-27T22:31:54.994+0000][64][info ][safepoint   ] Safepoint "Cleanup", Time since last: 37092129849 ns, Reaching safepoint: 50208 ns, Cleanup: 180209 ns, At safepoint: 9750 ns, Total: 240167 ns
[2024-01-27T22:32:02.020+0000][64][info ][safepoint   ] Safepoint "Cleanup", Time since last: 7025744086 ns, Reaching safepoint: 148459 ns, Cleanup: 267833 ns, At safepoint: 47000 ns, Total: 463292 ns
[2024-01-27T22:44:39.275+0000][64][info ][safepoint   ] Safepoint "Cleanup", Time since last: 20718261676 ns, Reaching safepoint: 847791 ns, Cleanup: 268584 ns, At safepoint: 30125 ns, Total: 1146500 ns
[2024-01-27T22:44:40.301+0000][64][info ][safepoint   ] Safepoint "Cleanup", Time since last: 1014656417 ns, Reaching safepoint: 11059916 ns, Cleanup: 405959 ns, At safepoint: 25083 ns, Total: 11490958 ns
[2024-01-27T22:45:39.318+0000][64][info ][safepoint   ] Safepoint "Cleanup", Time since last: 59088370777 ns, Reaching safepoint: 9648750 ns, Cleanup: 362834 ns, At safepoint: 11125 ns, Total: 10022709 ns
[2024-01-27T22:45:40.320+0000][64][info ][safepoint   ] Safepoint "Cleanup", Time since last: 1002537500 ns, Reaching safepoint: 40917 ns, Cleanup: 131541 ns, At safepoint: 10250 ns, Total: 182708 ns
[2024-01-27T22:46:09.393+0000][64][info ][safepoint   ] Safepoint "Cleanup", Time since last: 29072489888 ns, Reaching safepoint: 351209 ns, Cleanup: 198916 ns, At safepoint: 9292 ns, Total: 559417 ns
[2024-01-27T22:46:39.452+0000][64][info ][safepoint   ] Safepoint "Cleanup", Time since last: 30057029306 ns, Reaching safepoint: 836041 ns, Cleanup: 321084 ns, At safepoint: 172083 ns, Total: 1329208 ns
[2024-01-27T22:46:41.459+0000][64][info ][safepoint   ] Safepoint "Cleanup", Time since last: 2006830126 ns, Reaching safepoint: 17833 ns, Cleanup: 75750 ns, At safepoint: 4792 ns, Total: 98375 ns
[2024-01-27T22:46:42.460+0000][64][info ][safepoint   ] Safepoint "Cleanup", Time since last: 1000697000 ns, Reaching safepoint: 60292 ns, Cleanup: 270125 ns, At safepoint: 13833 ns, Total: 344250 ns
[2024-01-27T22:46:47.468+0000][64][info ][safepoint   ] Safepoint "Cleanup", Time since last: 5007083378 ns, Reaching safepoint: 619166 ns, Cleanup: 368584 ns, At safepoint: 10916 ns, Total: 998666 ns
[2024-01-27T22:48:10.645+0000][64][info ][safepoint   ] Safepoint "Cleanup", Time since last: 83176619122 ns, Reaching safepoint: 739625 ns, Cleanup: 351791 ns, At safepoint: 12750 ns, Total: 1104166 ns
[2024-01-27T22:48:11.650+0000][64][info ][safepoint   ] Safepoint "Cleanup", Time since last: 1004217792 ns, Reaching safepoint: 73792 ns, Cleanup: 254625 ns, At safepoint: 13958 ns, Total: 342375 ns
[2024-01-27T22:49:26.797+0000][64][info ][safepoint   ] Safepoint "Cleanup", Time since last: 75146540826 ns, Reaching safepoint: 353292 ns, Cleanup: 161208 ns, At safepoint: 5875 ns, Total: 520375 ns
[2024-01-27T22:50:01.871+0000][64][info ][safepoint   ] Safepoint "Cleanup", Time since last: 35073749891 ns, Reaching safepoint: 341958 ns, Cleanup: 183292 ns, At safepoint: 12541 ns, Total: 537791 ns
[2024-01-27T22:50:09.884+0000][64][info ][safepoint   ] Safepoint "Cleanup", Time since last: 8012629171 ns, Reaching safepoint: 210041 ns, Cleanup: 230000 ns, At safepoint: 13125 ns, Total: 453166 ns
[2024-01-27T22:52:32.323+0000][64][info ][gc,start    ] GC(17) Pause Young (Normal) (G1 Evacuation Pause)
[2024-01-27T22:52:32.326+0000][64][info ][gc,task     ] GC(17) Using 4 workers of 4 for evacuation
[2024-01-27T22:52:32.326+0000][64][debug][gc,age      ] GC(17) Desired survivor size 20971520 bytes, new threshold 3 (max threshold 15)
[2024-01-27T22:52:32.605+0000][64][info ][gc,mmu      ] GC(17) MMU target violated: 201.0ms (200.0ms/201.0ms)
[2024-01-27T22:52:32.605+0000][64][info ][gc,phases   ] GC(17)   Pre Evacuate Collection Set: 4.2ms
[2024-01-27T22:52:32.605+0000][64][info ][gc,phases   ] GC(17)   Merge Heap Roots: 1.5ms
[2024-01-27T22:52:32.605+0000][64][info ][gc,phases   ] GC(17)   Evacuate Collection Set: 256.8ms
[2024-01-27T22:52:32.605+0000][64][info ][gc,phases   ] GC(17)   Post Evacuate Collection Set: 14.6ms
[2024-01-27T22:52:32.605+0000][64][info ][gc,phases   ] GC(17)   Other: 2.4ms
[2024-01-27T22:52:32.606+0000][64][trace][gc,age      ] GC(17) Age table with threshold 3 (max threshold 15)
[2024-01-27T22:52:32.606+0000][64][trace][gc,age      ] GC(17) - age   1:    9725736 bytes,    9725736 total
[2024-01-27T22:52:32.606+0000][64][trace][gc,age      ] GC(17) - age   2:   13423768 bytes,   23149504 total
[2024-01-27T22:52:32.606+0000][64][trace][gc,age      ] GC(17) - age   3:    2183848 bytes,   25333352 total
[2024-01-27T22:52:32.606+0000][64][info ][gc,heap     ] GC(17) Eden regions: 69->0(69)
[2024-01-27T22:52:32.606+0000][64][info ][gc,heap     ] GC(17) Survivor regions: 7->7(10)
[2024-01-27T22:52:32.606+0000][64][info ][gc,heap     ] GC(17) Old regions: 13->14
[2024-01-27T22:52:32.606+0000][64][info ][gc,heap     ] GC(17) Archive regions: 2->2
[2024-01-27T22:52:32.606+0000][64][info ][gc,heap     ] GC(17) Humongous regions: 0->0
[2024-01-27T22:52:32.607+0000][64][info ][gc,metaspace] GC(17) Metaspace: 119833K(123328K)->119833K(123328K) NonClass: 103486K(105344K)->103486K(105344K) Class: 16346K(17984K)->16346K(17984K)
[2024-01-27T22:52:32.607+0000][64][info ][gc          ] GC(17) Pause Young (Normal) (G1 Evacuation Pause) 353M->85M(512M) 283.441ms
[2024-01-27T22:52:32.607+0000][64][info ][gc,cpu      ] GC(17) User=1.08s Sys=0.00s Real=0.28s
[2024-01-27T22:52:32.607+0000][64][info ][safepoint   ] Safepoint "G1CollectForAllocation", Time since last: 142438495731 ns, Reaching safepoint: 580458 ns, Cleanup: 202917 ns, At safepoint: 284138708 ns, Total: 284922083 ns
[2024-01-27T22:52:33.612+0000][64][info ][safepoint   ] Safepoint "Cleanup", Time since last: 1004348126 ns, Reaching safepoint: 170375 ns, Cleanup: 210541 ns, At safepoint: 40584 ns, Total: 421500 ns
[2024-01-27T22:52:39.628+0000][64][info ][safepoint   ] Safepoint "Cleanup", Time since last: 6016248460 ns, Reaching safepoint: 50875 ns, Cleanup: 221417 ns, At safepoint: 17125 ns, Total: 289417 ns
[2024-01-27T22:52:40.630+0000][64][info ][safepoint   ] Safepoint "Cleanup", Time since last: 1002037959 ns, Reaching safepoint: 51625 ns, Cleanup: 186542 ns, At safepoint: 14875 ns, Total: 253042 ns
[2024-01-27T22:53:10.714+0000][64][info ][safepoint   ] Safepoint "Cleanup", Time since last: 30082759930 ns, Reaching safepoint: 669917 ns, Cleanup: 345916 ns, At safepoint: 18625 ns, Total: 1034458 ns
[2024-01-27T22:53:39.793+0000][64][info ][safepoint   ] Safepoint "Cleanup", Time since last: 29077907764 ns, Reaching safepoint: 480666 ns, Cleanup: 313750 ns, At safepoint: 14834 ns, Total: 809250 ns
[2024-01-27T22:54:10.868+0000][64][info ][safepoint   ] Safepoint "Cleanup", Time since last: 31074762473 ns, Reaching safepoint: 579000 ns, Cleanup: 356541 ns, At safepoint: 14917 ns, Total: 950458 ns
[2024-01-27T22:54:40.956+0000][64][info ][safepoint   ] Safepoint "Cleanup", Time since last: 30086245764 ns, Reaching safepoint: 361125 ns, Cleanup: 1193541 ns, At safepoint: 11875 ns, Total: 1566541 ns
[2024-01-27T22:55:10.058+0000][64][info ][safepoint   ] Safepoint "Cleanup", Time since last: 29100434347 ns, Reaching safepoint: 850750 ns, Cleanup: 429208 ns, At safepoint: 15208 ns, Total: 1295166 ns
[2024-01-27T22:55:40.160+0000][64][info ][safepoint   ] Safepoint "Cleanup", Time since last: 30102570014 ns, Reaching safepoint: 44708 ns, Cleanup: 119917 ns, At safepoint: 9750 ns, Total: 174375 ns
[2024-01-27T22:55:45.173+0000][64][info ][safepoint   ] Safepoint "Cleanup", Time since last: 5012454461 ns, Reaching safepoint: 182875 ns, Cleanup: 194333 ns, At safepoint: 14792 ns, Total: 392000 ns
[2024-01-27T22:56:10.235+0000][64][info ][safepoint   ] Safepoint "Cleanup", Time since last: 25061458803 ns, Reaching safepoint: 311000 ns, Cleanup: 179958 ns, At safepoint: 7000 ns, Total: 497958 ns
[2024-01-27T22:56:29.283+0000][64][info ][safepoint   ] Safepoint "Cleanup", Time since last: 19046291634 ns, Reaching safepoint: 828917 ns, Cleanup: 403458 ns, At safepoint: 61750 ns, Total: 1294125 ns
[2024-01-27T22:56:40.338+0000][64][info ][safepoint   ] Safepoint "Cleanup", Time since last: 11054590505 ns, Reaching safepoint: 90542 ns, Cleanup: 267667 ns, At safepoint: 25291 ns, Total: 383500 ns
[2024-01-27T22:57:09.401+0000][64][info ][safepoint   ] Safepoint "Cleanup", Time since last: 29061489139 ns, Reaching safepoint: 1156000 ns, Cleanup: 325750 ns, At safepoint: 85083 ns, Total: 1566833 ns
[2024-01-27T22:57:39.479+0000][64][info ][safepoint   ] Safepoint "Cleanup", Time since last: 30077048722 ns, Reaching safepoint: 867708 ns, Cleanup: 380542 ns, At safepoint: 47333 ns, Total: 1295583 ns
[2024-01-27T22:57:55.529+0000][64][info ][safepoint   ] Safepoint "Cleanup", Time since last: 16049316758 ns, Reaching safepoint: 651541 ns, Cleanup: 189125 ns, At safepoint: 9792 ns, Total: 850458 ns
[2024-01-27T22:57:59.551+0000][64][info ][safepoint   ] Safepoint "Cleanup", Time since last: 4020986710 ns, Reaching safepoint: 188459 ns, Cleanup: 426000 ns, At safepoint: 35375 ns, Total: 649834 ns
[2024-01-27T22:58:30.636+0000][64][info ][safepoint   ] Safepoint "Cleanup", Time since last: 31084671472 ns, Reaching safepoint: 633834 ns, Cleanup: 318500 ns, At safepoint: 14541 ns, Total: 966875 ns
[2024-01-27T22:58:38.668+0000][64][info ][safepoint   ] Safepoint "Cleanup", Time since last: 8031954628 ns, Reaching safepoint: 76292 ns, Cleanup: 209792 ns, At safepoint: 202333 ns, Total: 488417 ns
[2024-01-27T23:01:45.207+0000][64][info ][safepoint   ] Safepoint "Cleanup", Time since last: 186536766460 ns, Reaching safepoint: 1323709 ns, Cleanup: 351458 ns, At safepoint: 15625 ns, Total: 1690792 ns
[2024-01-27T23:02:10.273+0000][64][info ][safepoint   ] Safepoint "Cleanup", Time since last: 25065211595 ns, Reaching safepoint: 613167 ns, Cleanup: 292666 ns, At safepoint: 11042 ns, Total: 916875 ns
[2024-01-27T23:03:02.414+0000][64][info ][safepoint   ] Safepoint "Cleanup", Time since last: 52140885691 ns, Reaching safepoint: 497209 ns, Cleanup: 175541 ns, At safepoint: 30542 ns, Total: 703292 ns
[2024-01-27T23:03:11.450+0000][64][info ][safepoint   ] Safepoint "Cleanup", Time since last: 9035435421 ns, Reaching safepoint: 356500 ns, Cleanup: 181583 ns, At safepoint: 28167 ns, Total: 566250 ns
[2024-01-27T23:03:27.487+0000][64][info ][safepoint   ] Safepoint "Cleanup", Time since last: 16034549174 ns, Reaching safepoint: 228833 ns, Cleanup: 1729500 ns, At safepoint: 6167 ns, Total: 1964500 ns
[2024-01-27T23:03:39.523+0000][64][info ][safepoint   ] Safepoint "Cleanup", Time since last: 12035109880 ns, Reaching safepoint: 493250 ns, Cleanup: 390333 ns, At safepoint: 35250 ns, Total: 918833 ns
[2024-01-27T23:03:40.526+0000][64][info ][safepoint   ] Safepoint "Cleanup", Time since last: 1002760709 ns, Reaching safepoint: 45000 ns, Cleanup: 162500 ns, At safepoint: 11458 ns, Total: 218958 ns
[2024-01-27T23:04:11.599+0000][64][info ][safepoint   ] Safepoint "Cleanup", Time since last: 31073265098 ns, Reaching safepoint: 240917 ns, Cleanup: 272833 ns, At safepoint: 25750 ns, Total: 539500 ns
[2024-01-27T23:05:19.815+0000][64][info ][safepoint   ] Safepoint "Cleanup", Time since last: 68214036448 ns, Reaching safepoint: 1732375 ns, Cleanup: 522917 ns, At safepoint: 101333 ns, Total: 2356625 ns
[2024-01-27T23:06:09.930+0000][64][info ][safepoint   ] Safepoint "Cleanup", Time since last: 50112867731 ns, Reaching safepoint: 786333 ns, Cleanup: 333417 ns, At safepoint: 12166 ns, Total: 1131916 ns
[2024-01-27T23:08:20.148+0000][64][info ][safepoint   ] Safepoint "Cleanup", Time since last: 130216552268 ns, Reaching safepoint: 1727709 ns, Cleanup: 396291 ns, At safepoint: 27625 ns, Total: 2151625 ns
[2024-01-27T23:08:40.179+0000][64][info ][safepoint   ] Safepoint "Cleanup", Time since last: 20029156676 ns, Reaching safepoint: 1353333 ns, Cleanup: 336500 ns, At safepoint: 13459 ns, Total: 1703292 ns
[2024-01-27T23:08:41.182+0000][64][info ][safepoint   ] Safepoint "Cleanup", Time since last: 1002672208 ns, Reaching safepoint: 22625 ns, Cleanup: 103167 ns, At safepoint: 5625 ns, Total: 131417 ns
[2024-01-27T23:15:32.020+0000][64][info ][safepoint   ] Safepoint "Cleanup", Time since last: 243617718320 ns, Reaching safepoint: 544958 ns, Cleanup: 527584 ns, At safepoint: 14416 ns, Total: 1086958 ns
[2024-01-27T23:16:24.146+0000][64][info ][safepoint   ] Safepoint "Cleanup", Time since last: 52126084858 ns, Reaching safepoint: 784667 ns, Cleanup: 476250 ns, At safepoint: 133750 ns, Total: 1394667 ns
[2024-01-27T23:18:47.473+0000][64][info ][safepoint   ] Safepoint "Cleanup", Time since last: 143325245941 ns, Reaching safepoint: 1652250 ns, Cleanup: 490166 ns, At safepoint: 35625 ns, Total: 2178041 ns
[2024-01-27T23:20:28.699+0000][64][info ][safepoint   ] Safepoint "Cleanup", Time since last: 101224344546 ns, Reaching safepoint: 1198458 ns, Cleanup: 451542 ns, At safepoint: 13917 ns, Total: 1663917 ns
[2024-01-27T23:21:09.824+0000][64][info ][safepoint   ] Safepoint "Cleanup", Time since last: 41124135852 ns, Reaching safepoint: 393916 ns, Cleanup: 241500 ns, At safepoint: 22750 ns, Total: 658166 ns
[2024-01-27T23:21:28.869+0000][64][info ][safepoint   ] Safepoint "Cleanup", Time since last: 19044190634 ns, Reaching safepoint: 497375 ns, Cleanup: 439541 ns, At safepoint: 39917 ns, Total: 976833 ns
[2024-01-27T23:24:06.187+0000][64][info ][safepoint   ] Safepoint "Cleanup", Time since last: 157318468988 ns, Reaching safepoint: 611334 ns, Cleanup: 250208 ns, At safepoint: 20083 ns, Total: 881625 ns
[2024-01-27T23:26:28.500+0000][64][info ][safepoint   ] Safepoint "Cleanup", Time since last: 142310933523 ns, Reaching safepoint: 259417 ns, Cleanup: 306500 ns, At safepoint: 8750 ns, Total: 574667 ns
[2024-01-27T23:33:18.363+0000][64][info ][safepoint   ] Safepoint "Cleanup", Time since last: 409861837562 ns, Reaching safepoint: 2201834 ns, Cleanup: 414916 ns, At safepoint: 28375 ns, Total: 2645125 ns
[2024-01-27T23:33:48.440+0000][64][info ][safepoint   ] Safepoint "Cleanup", Time since last: 30075517347 ns, Reaching safepoint: 1322834 ns, Cleanup: 412875 ns, At safepoint: 36708 ns, Total: 1772417 ns
[2024-01-27T23:35:59.754+0000][64][info ][safepoint   ] Safepoint "Cleanup", Time since last: 131310359310 ns, Reaching safepoint: 984875 ns, Cleanup: 371750 ns, At safepoint: 52250 ns, Total: 1408875 ns
[2024-01-27T23:37:29.960+0000][64][info ][safepoint   ] Safepoint "Cleanup", Time since last: 90206305541 ns, Reaching safepoint: 1657208 ns, Cleanup: 434125 ns, At safepoint: 237584 ns, Total: 2328917 ns
[2024-01-27T23:39:48.291+0000][64][info ][safepoint   ] Safepoint "Cleanup", Time since last: 138328164605 ns, Reaching safepoint: 3118291 ns, Cleanup: 179750 ns, At safepoint: 19417 ns, Total: 3317458 ns
[2024-01-27T23:39:49.301+0000][64][info ][safepoint   ] Safepoint "Cleanup", Time since last: 1008866875 ns, Reaching safepoint: 145542 ns, Cleanup: 148000 ns, At safepoint: 11958 ns, Total: 305500 ns
[2024-01-27T23:40:53.450+0000][64][info ][safepoint   ] Safepoint "Cleanup", Time since last: 64148675279 ns, Reaching safepoint: 3348917 ns, Cleanup: 119542 ns, At safepoint: 10625 ns, Total: 3479084 ns
[2024-01-27T23:40:54.452+0000][64][info ][safepoint   ] Safepoint "Cleanup", Time since last: 1002054917 ns, Reaching safepoint: 129583 ns, Cleanup: 134167 ns, At safepoint: 9792 ns, Total: 273542 ns
[2024-01-27T23:41:23.537+0000][64][info ][safepoint   ] Safepoint "Cleanup", Time since last: 29081481096 ns, Reaching safepoint: 1443625 ns, Cleanup: 409708 ns, At safepoint: 49625 ns, Total: 1902958 ns
[2024-01-27T23:41:50.611+0000][64][info ][safepoint   ] Safepoint "Cleanup", Time since last: 27072317721 ns, Reaching safepoint: 1428125 ns, Cleanup: 568667 ns, At safepoint: 37333 ns, Total: 2034125 ns
[2024-01-27T23:42:15.664+0000][64][info ][safepoint   ] Safepoint "Cleanup", Time since last: 25049514012 ns, Reaching safepoint: 1773625 ns, Cleanup: 1151375 ns, At safepoint: 71875 ns, Total: 2996875 ns
[2024-01-27T23:42:27.694+0000][64][info ][safepoint   ] Safepoint "Cleanup", Time since last: 12030010421 ns, Reaching safepoint: 281375 ns, Cleanup: 119500 ns, At safepoint: 5875 ns, Total: 406750 ns
[2024-01-27T23:42:37.721+0000][64][info ][safepoint   ] Safepoint "Cleanup", Time since last: 10026394797 ns, Reaching safepoint: 867125 ns, Cleanup: 239792 ns, At safepoint: 10833 ns, Total: 1117750 ns
[2024-01-27T23:43:08.793+0000][64][info ][safepoint   ] Safepoint "Cleanup", Time since last: 31070719347 ns, Reaching safepoint: 627333 ns, Cleanup: 293084 ns, At safepoint: 16125 ns, Total: 936542 ns
[2024-01-27T23:46:26.242+0000][64][info ][safepoint   ] Safepoint "Cleanup", Time since last: 197448328716 ns, Reaching safepoint: 730708 ns, Cleanup: 298500 ns, At safepoint: 16209 ns, Total: 1045417 ns
[2024-01-27T23:46:38.268+0000][64][info ][safepoint   ] Safepoint "Cleanup", Time since last: 12025640213 ns, Reaching safepoint: 505667 ns, Cleanup: 255958 ns, At safepoint: 10500 ns, Total: 772125 ns
[2024-01-27T23:47:00.313+0000][64][info ][safepoint   ] Safepoint "Cleanup", Time since last: 22043440136 ns, Reaching safepoint: 438208 ns, Cleanup: 239042 ns, At safepoint: 29541 ns, Total: 706791 ns
[2024-01-27T23:47:17.363+0000][64][info ][safepoint   ] Safepoint "Cleanup", Time since last: 17048354383 ns, Reaching safepoint: 976667 ns, Cleanup: 474083 ns, At safepoint: 20167 ns, Total: 1470917 ns
[2024-01-27T23:47:26.393+0000][64][info ][safepoint   ] Safepoint "Cleanup", Time since last: 9029309338 ns, Reaching safepoint: 500375 ns, Cleanup: 517833 ns, At safepoint: 32458 ns, Total: 1050666 ns
[2024-01-27T23:47:59.472+0000][64][info ][safepoint   ] Safepoint "Cleanup", Time since last: 33078203015 ns, Reaching safepoint: 426625 ns, Cleanup: 386792 ns, At safepoint: 122833 ns, Total: 936250 ns
[2024-01-27T23:48:18.504+0000][64][info ][safepoint   ] Safepoint "Cleanup", Time since last: 19031319009 ns, Reaching safepoint: 624167 ns, Cleanup: 157667 ns, At safepoint: 6291 ns, Total: 788125 ns
[2024-01-27T23:48:36.541+0000][64][info ][safepoint   ] Safepoint "Cleanup", Time since last: 18034939091 ns, Reaching safepoint: 920250 ns, Cleanup: 565500 ns, At safepoint: 16542 ns, Total: 1502292 ns
[2024-01-27T23:49:00.603+0000][64][info ][safepoint   ] Safepoint "Cleanup", Time since last: 24063043052 ns, Reaching safepoint: 243542 ns, Cleanup: 145208 ns, At safepoint: 4542 ns, Total: 393292 ns
[2024-01-27T23:49:15.650+0000][64][info ][safepoint   ] Safepoint "Cleanup", Time since last: 15045828049 ns, Reaching safepoint: 441208 ns, Cleanup: 179750 ns, At safepoint: 5000 ns, Total: 625958 ns
[2024-01-27T23:49:16.652+0000][64][info ][safepoint   ] Safepoint "Cleanup", Time since last: 1001741334 ns, Reaching safepoint: 539708 ns, Cleanup: 134084 ns, At safepoint: 6000 ns, Total: 679792 ns
[2024-01-27T23:50:03.758+0000][64][info ][safepoint   ] Safepoint "Cleanup", Time since last: 47105627563 ns, Reaching safepoint: 204292 ns, Cleanup: 128000 ns, At safepoint: 4500 ns, Total: 336792 ns
[2024-01-27T23:50:28.849+0000][64][info ][safepoint   ] Safepoint "Cleanup", Time since last: 25089550136 ns, Reaching safepoint: 802875 ns, Cleanup: 419292 ns, At safepoint: 14916 ns, Total: 1237083 ns
[2024-01-27T23:50:40.875+0000][64][info ][safepoint   ] Safepoint "Cleanup", Time since last: 12025315381 ns, Reaching safepoint: 401125 ns, Cleanup: 161917 ns, At safepoint: 6083 ns, Total: 569125 ns
[2024-01-27T23:50:43.885+0000][64][info ][safepoint   ] Safepoint "Cleanup", Time since last: 3009556085 ns, Reaching safepoint: 385500 ns, Cleanup: 480500 ns, At safepoint: 11375 ns, Total: 877375 ns
[2024-01-27T23:50:46.893+0000][64][info ][safepoint   ] Safepoint "Cleanup", Time since last: 3007427168 ns, Reaching safepoint: 219250 ns, Cleanup: 141500 ns, At safepoint: 19583 ns, Total: 380333 ns
[2024-01-27T23:50:47.898+0000][64][info ][safepoint   ] Safepoint "Cleanup", Time since last: 1004331834 ns, Reaching safepoint: 417375 ns, Cleanup: 307042 ns, At safepoint: 5750 ns, Total: 730167 ns
[2024-01-27T23:50:59.934+0000][64][info ][safepoint   ] Safepoint "Cleanup", Time since last: 12030080796 ns, Reaching safepoint: 526167 ns, Cleanup: 1472916 ns, At safepoint: 15542 ns, Total: 2014625 ns
[2024-01-27T23:51:06.959+0000][64][info ][safepoint   ] Safepoint "Cleanup", Time since last: 7023704837 ns, Reaching safepoint: 687958 ns, Cleanup: 691458 ns, At safepoint: 15459 ns, Total: 1394875 ns
[2024-01-27T23:52:30.158+0000][64][info ][safepoint   ] Safepoint "Cleanup", Time since last: 83201497579 ns, Reaching safepoint: 810625 ns, Cleanup: 468208 ns, At safepoint: 6584 ns, Total: 1285417 ns
[2024-01-27T23:54:47.480+0000][64][info ][safepoint   ] Safepoint "Cleanup", Time since last: 137319684813 ns, Reaching safepoint: 2480750 ns, Cleanup: 143666 ns, At safepoint: 9959 ns, Total: 2634375 ns
[2024-01-27T23:54:48.878+0000][64][info ][safepoint   ] Safepoint "Cleanup", Time since last: 1397796375 ns, Reaching safepoint: 23375 ns, Cleanup: 221959 ns, At safepoint: 10875 ns, Total: 256209 ns
[2024-01-27T23:54:49.693+0000][64][info ][gc,heap,exit] Heap
[2024-01-27T23:54:49.695+0000][64][info ][gc,heap,exit]  garbage-first heap   total 524288K, used 231716K [0x00000000e0000000, 0x0000000100000000)
[2024-01-27T23:54:49.696+0000][64][info ][gc,heap,exit]   region size 4096K, 43 young (176128K), 7 survivors (28672K)
[2024-01-27T23:54:49.697+0000][64][info ][gc,heap,exit]  Metaspace       used 120681K, committed 124096K, reserved 1179648K
[2024-01-27T23:54:49.697+0000][64][info ][gc,heap,exit]   class space    used 16457K, committed 18048K, reserved 1048576K
